Archive member included to satisfy reference by file (symbol)

../../libDaisy/build/libdaisy.a(daisy_pod.o)
                              build/Polysynth.o (daisy::DaisyPod::StartAudio(void (*)(float const*, float*, unsigned int)))
../../libDaisy/build/libdaisy.a(daisy_seed.o)
                              ../../libDaisy/build/libdaisy.a(daisy_pod.o) (daisy::DaisySeed::Configure())
../../libDaisy/build/libdaisy.a(codec_ak4556.o)
                              ../../libDaisy/build/libdaisy.a(daisy_seed.o) (daisy::Ak4556::Init(dsy_gpio_pin))
../../libDaisy/build/libdaisy.a(codec_wm8731.o)
                              ../../libDaisy/build/libdaisy.a(daisy_seed.o) (daisy::Wm8731::Init(daisy::Wm8731::Config const&, daisy::I2CHandle))
../../libDaisy/build/libdaisy.a(sdram.o)
                              ../../libDaisy/build/libdaisy.a(daisy_seed.o) (SdramHandle::Init())
../../libDaisy/build/libdaisy.a(audio.o)
                              ../../libDaisy/build/libdaisy.a(daisy_seed.o) (daisy::AudioHandle::Init(daisy::AudioHandle::Config const&, daisy::SaiHandle))
../../libDaisy/build/libdaisy.a(ctrl.o)
                              ../../libDaisy/build/libdaisy.a(daisy_pod.o) (daisy::AnalogControl::Init(unsigned short*, float, bool, bool, float))
../../libDaisy/build/libdaisy.a(encoder.o)
                              ../../libDaisy/build/libdaisy.a(daisy_pod.o) (daisy::Encoder::Init(dsy_gpio_pin, dsy_gpio_pin, dsy_gpio_pin, float))
../../libDaisy/build/libdaisy.a(parameter.o)
                              build/Polysynth.o (daisy::Parameter::Init(daisy::AnalogControl, float, float, daisy::Parameter::Curve))
../../libDaisy/build/libdaisy.a(rgb_led.o)
                              ../../libDaisy/build/libdaisy.a(daisy_pod.o) (daisy::RgbLed::Init(dsy_gpio_pin, dsy_gpio_pin, dsy_gpio_pin, bool))
../../libDaisy/build/libdaisy.a(switch.o)
                              ../../libDaisy/build/libdaisy.a(daisy_pod.o) (daisy::Switch::Init(dsy_gpio_pin, float))
../../libDaisy/build/libdaisy.a(usb_midi.o)
                              build/Polysynth.o (daisy::MidiUsbTransport::Init(daisy::MidiUsbTransport::Config))
../../libDaisy/build/libdaisy.a(adc.o)
                              ../../libDaisy/build/libdaisy.a(daisy_pod.o) (daisy::AdcChannelConfig::InitSingle(dsy_gpio_pin))
../../libDaisy/build/libdaisy.a(gpio.o)
                              ../../libDaisy/build/libdaisy.a(daisy_seed.o) (dsy_gpio_init)
../../libDaisy/build/libdaisy.a(i2c.o)
                              ../../libDaisy/build/libdaisy.a(daisy_seed.o) (daisy::I2CHandle::Init(daisy::I2CHandle::Config const&))
../../libDaisy/build/libdaisy.a(qspi.o)
                              ../../libDaisy/build/libdaisy.a(daisy_seed.o) (daisy::QSPIHandle::Init(daisy::QSPIHandle::Config const&))
../../libDaisy/build/libdaisy.a(sai.o)
                              ../../libDaisy/build/libdaisy.a(daisy_seed.o) (daisy::SaiHandle::Init(daisy::SaiHandle::Config const&))
../../libDaisy/build/libdaisy.a(uart.o)
                              ../../libDaisy/build/libdaisy.a(daisy_pod.o) (daisy::UartHandler::Init(daisy::UartHandler::Config const&))
../../libDaisy/build/libdaisy.a(system.o)
                              ../../libDaisy/build/libdaisy.a(daisy_seed.o) (daisy::System::DeInit())
../../libDaisy/build/libdaisy.a(system_stm32h7xx.o)
                              build/startup_stm32h750xx.o (SystemInit)
../../libDaisy/build/libdaisy.a(usbd_conf.o)
                              ../../libDaisy/build/libdaisy.a(system.o) (hpcd_USB_OTG_HS)
../../libDaisy/build/libdaisy.a(usbh_conf.o)
                              ../../libDaisy/build/libdaisy.a(system.o) (hhcd_USB_OTG_HS)
../../libDaisy/build/libdaisy.a(color.o)
                              build/Polysynth.o (daisy::Color::Init(daisy::Color::PresetColor))
../../libDaisy/build/libdaisy.a(hal_map.o)
                              ../../libDaisy/build/libdaisy.a(gpio.o) (dsy_hal_map_get_port)
../../libDaisy/build/libdaisy.a(stm32h7xx_hal.o)
                              ../../libDaisy/build/libdaisy.a(system.o) (HAL_Init)
../../libDaisy/build/libdaisy.a(stm32h7xx_hal_adc.o)
                              ../../libDaisy/build/libdaisy.a(adc.o) (HAL_ADC_ConfigChannel)
../../libDaisy/build/libdaisy.a(stm32h7xx_hal_adc_ex.o)
                              ../../libDaisy/build/libdaisy.a(adc.o) (HAL_ADCEx_Calibration_Start)
../../libDaisy/build/libdaisy.a(stm32h7xx_hal_cortex.o)
                              ../../libDaisy/build/libdaisy.a(stm32h7xx_hal.o) (HAL_NVIC_SetPriorityGrouping)
../../libDaisy/build/libdaisy.a(stm32h7xx_hal_dma.o)
                              ../../libDaisy/build/libdaisy.a(adc.o) (HAL_DMA_Init)
../../libDaisy/build/libdaisy.a(stm32h7xx_hal_gpio.o)
                              ../../libDaisy/build/libdaisy.a(sdram.o) (HAL_GPIO_Init)
../../libDaisy/build/libdaisy.a(stm32h7xx_hal_hcd.o)
                              ../../libDaisy/build/libdaisy.a(usbh_conf.o) (HAL_HCD_HC_Init)
[...]
Memory Configuration

Name             Origin             Length             Attributes
FLASH            0x0000000008000000 0x0000000000020000 xr
DTCMRAM          0x0000000020000000 0x0000000000020000 xrw
SRAM             0x0000000024000000 0x0000000000080000 xrw
RAM_D2           0x0000000030000000 0x0000000000048000 xrw
RAM_D3           0x0000000038000000 0x0000000000010000 xrw
ITCMRAM          0x0000000000000000 0x0000000000010000 xrw
SDRAM            0x00000000c0000000 0x0000000004000000 xrw
QSPIFLASH        0x0000000090000000 0x0000000000800000 xr
*default*        0x0000000000000000 0xffffffffffffffff

Linker script and memory map

LOAD /home/hallmar/Developer/gcc-arm-none-eabi-10.3-2021.10/bin/../lib/gcc/arm-none-eabi/10.3.1/thumb/v7e-m+dp/hard/crti.o
LOAD /home/hallmar/Developer/gcc-arm-none-eabi-10.3-2021.10/bin/../lib/gcc/arm-none-eabi/10.3.1/thumb/v7e-m+dp/hard/crtbegin.o
LOAD /home/hallmar/Developer/gcc-arm-none-eabi-10.3-2021.10/bin/../lib/gcc/arm-none-eabi/10.3.1/../../../../arm-none-eabi/lib/thumb/v7e-m+dp/hard/crt0.o
LOAD build/startup_stm32h750xx.o
LOAD build/Polysynth.o
LOAD ../../libDaisy/build/libdaisy.a
LOAD /home/hallmar/Developer/gcc-arm-none-eabi-10.3-2021.10/bin/../lib/gcc/arm-none-eabi/10.3.1/../../../../arm-none-eabi/lib/thumb/v7e-m+dp/hard/libnosys.a
LOAD ../../DaisySP/build/libdaisysp.a
LOAD /home/hallmar/Developer/gcc-arm-none-eabi-10.3-2021.10/bin/../lib/gcc/arm-none-eabi/10.3.1/../../../../arm-none-eabi/lib/thumb/v7e-m+dp/hard/libstdc++_nano.a
LOAD /home/hallmar/Developer/gcc-arm-none-eabi-10.3-2021.10/bin/../lib/gcc/arm-none-eabi/10.3.1/../../../../arm-none-eabi/lib/thumb/v7e-m+dp/hard/libm.a
LOAD /home/hallmar/Developer/gcc-arm-none-eabi-10.3-2021.10/bin/../lib/gcc/arm-none-eabi/10.3.1/../../../../arm-none-eabi/lib/thumb/v7e-m+dp/hard/libc_nano.a
START GROUP
LOAD /home/hallmar/Developer/gcc-arm-none-eabi-10.3-2021.10/bin/../lib/gcc/arm-none-eabi/10.3.1/thumb/v7e-m+dp/hard/libgcc.a
LOAD /home/hallmar/Developer/gcc-arm-none-eabi-10.3-2021.10/bin/../lib/gcc/arm-none-eabi/10.3.1/../../../../arm-none-eabi/lib/thumb/v7e-m+dp/hard/libc_nano.a
END GROUP
START GROUP
LOAD /home/hallmar/Developer/gcc-arm-none-eabi-10.3-2021.10/bin/../lib/gcc/arm-none-eabi/10.3.1/thumb/v7e-m+dp/hard/libgcc.a
LOAD /home/hallmar/Developer/gcc-arm-none-eabi-10.3-2021.10/bin/../lib/gcc/arm-none-eabi/10.3.1/../../../../arm-none-eabi/lib/thumb/v7e-m+dp/hard/libc_nano.a
LOAD /home/hallmar/Developer/gcc-arm-none-eabi-10.3-2021.10/bin/../lib/gcc/arm-none-eabi/10.3.1/../../../../arm-none-eabi/lib/thumb/v7e-m+dp/hard/libnosys.a
END GROUP
START GROUP
LOAD /home/hallmar/Developer/gcc-arm-none-eabi-10.3-2021.10/bin/../lib/gcc/arm-none-eabi/10.3.1/thumb/v7e-m+dp/hard/libgcc.a
LOAD /home/hallmar/Developer/gcc-arm-none-eabi-10.3-2021.10/bin/../lib/gcc/arm-none-eabi/10.3.1/../../../../arm-none-eabi/lib/thumb/v7e-m+dp/hard/libc_nano.a
LOAD /home/hallmar/Developer/gcc-arm-none-eabi-10.3-2021.10/bin/../lib/gcc/arm-none-eabi/10.3.1/../../../../arm-none-eabi/lib/thumb/v7e-m+dp/hard/libnosys.a
END GROUP
LOAD /home/hallmar/Developer/gcc-arm-none-eabi-10.3-2021.10/bin/../lib/gcc/arm-none-eabi/10.3.1/thumb/v7e-m+dp/hard/crtend.o
LOAD /home/hallmar/Developer/gcc-arm-none-eabi-10.3-2021.10/bin/../lib/gcc/arm-none-eabi/10.3.1/thumb/v7e-m+dp/hard/crtn.o
                0x0000000020020000                _estack = 0x20020000

.isr_vector     0x0000000008000000      0x298
                0x0000000008000000                . = ALIGN (0x4)
 *(.isr_vector)
 .isr_vector    0x0000000008000000      0x298 build/startup_stm32h750xx.o
                0x0000000008000000                g_pfnVectors
                0x0000000008000298                . = ALIGN (0x4)

.text           0x00000000080002a0    0x15be8
                0x00000000080002a0                . = ALIGN (0x4)
                0x00000000080002a0                _stext = .
 *(.text)
 .text          0x00000000080002a0       0x40 /home/hallmar/Developer/gcc-arm-none-eabi-10.3-2021.10/bin/../lib/gcc/arm-none-eabi/10.3.1/thumb/v7e-m+dp/hard/crtbegin.o
 .text          0x00000000080002e0       0xa0 /home/hallmar/Developer/gcc-arm-none-eabi-10.3-2021.10/bin/../lib/gcc/arm-none-eabi/10.3.1/../../../../arm-none-eabi/lib/thumb/v7e-m+dp/hard/libc_nano.a(lib_a-memchr.o)
                0x00000000080002e0                memchr
 .text          0x0000000008000380      0x378 /home/hallmar/Developer/gcc-arm-none-eabi-10.3-2021.10/bin/../lib/gcc/arm-none-eabi/10.3.1/thumb/v7e-m+dp/hard/libgcc.a(_arm_addsubdf3.o)
                0x0000000008000380                __aeabi_drsub
                0x0000000008000388                __aeabi_dsub
                0x0000000008000388                __subdf3
                0x000000000800038c                __adddf3
                0x000000000800038c                __aeabi_dadd
                0x0000000008000604                __aeabi_ui2d
                0x0000000008000604                __floatunsidf
                0x0000000008000624                __floatsidf
                0x0000000008000624                __aeabi_i2d
                0x0000000008000648                __extendsfdf2
                0x0000000008000648                __aeabi_f2d
                0x000000000800068c                __aeabi_ul2d
                0x000000000800068c                __floatundidf
                0x000000000800069c                __floatdidf
                0x000000000800069c                __aeabi_l2d
 .text          0x00000000080006f8       0x30 /home/hallmar/Developer/gcc-arm-none-eabi-10.3-2021.10/bin/../lib/gcc/arm-none-eabi/10.3.1/thumb/v7e-m+dp/hard/libgcc.a(_aeabi_uldivmod.o)
                0x00000000080006f8                __aeabi_uldivmod
 .text          0x0000000008000728      0x2d0 /home/hallmar/Developer/gcc-arm-none-eabi-10.3-2021.10/bin/../lib/gcc/arm-none-eabi/10.3.1/thumb/v7e-m+dp/hard/libgcc.a(_udivmoddi4.o)
                0x0000000008000728                __udivmoddi4
 .text          0x00000000080009f8        0x4 /home/hallmar/Developer/gcc-arm-none-eabi-10.3-2021.10/bin/../lib/gcc/arm-none-eabi/10.3.1/thumb/v7e-m+dp/hard/libgcc.a(_dvmd_tls.o)
                0x00000000080009f8                __aeabi_ldiv0
                0x00000000080009f8                __aeabi_idiv0
 *(.text*)
 .text.Default_Handler
                0x00000000080009fc        0x4 build/startup_stm32h750xx.o
                0x00000000080009fc                RTC_Alarm_IRQHandler
                0x00000000080009fc                HASH_RNG_IRQHandler
                0x00000000080009fc                EXTI2_IRQHandler
                0x00000000080009fc                TIM8_CC_IRQHandler
                0x00000000080009fc                HRTIM1_Master_IRQHandler
                0x00000000080009fc                DebugMon_Handler
                0x00000000080009fc                TIM1_CC_IRQHandler
                0x00000000080009fc                BDMA_Channel6_IRQHandler
                0x00000000080009fc                DMA2_Stream5_IRQHandler
                0x00000000080009fc                HRTIM1_FLT_IRQHandler
                0x00000000080009fc                JPEG_IRQHandler
                0x00000000080009fc                BDMA_Channel1_IRQHandler
                0x00000000080009fc                HRTIM1_TIMD_IRQHandler
                0x00000000080009fc                TAMP_STAMP_IRQHandler
                0x00000000080009fc                PendSV_Handler
                0x00000000080009fc                NMI_Handler
                0x00000000080009fc                EXTI3_IRQHandler
                0x00000000080009fc                LPTIM4_IRQHandler
                0x00000000080009fc                TIM8_TRG_COM_TIM14_IRQHandler
                0x00000000080009fc                LPTIM2_IRQHandler
                0x00000000080009fc                DFSDM1_FLT1_IRQHandler
                0x00000000080009fc                DMAMUX2_OVR_IRQHandler
                0x00000000080009fc                TIM8_UP_TIM13_IRQHandler
                0x00000000080009fc                I2C3_ER_IRQHandler
                0x00000000080009fc                DFSDM1_FLT2_IRQHandler
                0x00000000080009fc                MDMA_IRQHandler
                0x00000000080009fc                LPTIM3_IRQHandler
                0x00000000080009fc                HSEM1_IRQHandler
                0x00000000080009fc                EXTI0_IRQHandler
                0x00000000080009fc                FPU_IRQHandler
                0x00000000080009fc                OTG_HS_WKUP_IRQHandler
                0x00000000080009fc                FDCAN1_IT1_IRQHandler
                0x00000000080009fc                UsageFault_Handler
                0x00000000080009fc                LTDC_ER_IRQHandler
                0x00000000080009fc                HRTIM1_TIME_IRQHandler
                0x00000000080009fc                TIM6_DAC_IRQHandler
                0x00000000080009fc                DCMI_IRQHandler
                0x00000000080009fc                HRTIM1_TIMC_IRQHandler
                0x00000000080009fc                SAI2_IRQHandler
                0x00000000080009fc                DFSDM1_FLT3_IRQHandler
                0x00000000080009fc                TIM17_IRQHandler
                0x00000000080009fc                CRYP_IRQHandler
                0x00000000080009fc                BDMA_Channel7_IRQHandler
                0x00000000080009fc                LPTIM5_IRQHandler
                0x00000000080009fc                ADC3_IRQHandler
                0x00000000080009fc                DMA2_Stream0_IRQHandler
                0x00000000080009fc                BDMA_Channel2_IRQHandler
                0x00000000080009fc                DMAMUX1_OVR_IRQHandler
                0x00000000080009fc                TIM16_IRQHandler
                0x00000000080009fc                BDMA_Channel5_IRQHandler
                0x00000000080009fc                RCC_IRQHandler
                0x00000000080009fc                TIM8_BRK_TIM12_IRQHandler
                0x00000000080009fc                TIM1_TRG_COM_IRQHandler
                0x00000000080009fc                Default_Handler
                0x00000000080009fc                ECC_IRQHandler
                0x00000000080009fc                CEC_IRQHandler
                0x00000000080009fc                EXTI15_10_IRQHandler
                0x00000000080009fc                BDMA_Channel0_IRQHandler
                0x00000000080009fc                ADC_IRQHandler
                0x00000000080009fc                DMA1_Stream7_IRQHandler
                0x00000000080009fc                HRTIM1_TIMA_IRQHandler
                0x00000000080009fc                TIM7_IRQHandler
                0x00000000080009fc                SDMMC1_IRQHandler
                0x00000000080009fc                DMA2_Stream7_IRQHandler
                0x00000000080009fc                TIM15_IRQHandler
                0x00000000080009fc                PVD_AVD_IRQHandler
                0x00000000080009fc                EXTI9_5_IRQHandler
                0x00000000080009fc                RTC_WKUP_IRQHandler
                0x00000000080009fc                LTDC_IRQHandler
                0x00000000080009fc                SAI3_IRQHandler
                0x00000000080009fc                ETH_WKUP_IRQHandler
                0x00000000080009fc                SPDIF_RX_IRQHandler
                0x00000000080009fc                MemManage_Handler
                0x00000000080009fc                SVC_Handler
                0x00000000080009fc                CRS_IRQHandler
                0x00000000080009fc                EXTI4_IRQHandler
                0x00000000080009fc                HRTIM1_TIMB_IRQHandler
                0x00000000080009fc                FDCAN2_IT1_IRQHandler
                0x00000000080009fc                ETH_IRQHandler
                0x00000000080009fc                TIM1_UP_IRQHandler
                0x00000000080009fc                BDMA_Channel4_IRQHandler
                0x00000000080009fc                WWDG_IRQHandler
                0x00000000080009fc                SPI6_IRQHandler
                0x00000000080009fc                I2C4_EV_IRQHandler
                0x00000000080009fc                MDIOS_IRQHandler
                0x00000000080009fc                FDCAN2_IT0_IRQHandler
                0x00000000080009fc                FDCAN1_IT0_IRQHandler
                0x00000000080009fc                OTG_FS_WKUP_IRQHandler
                0x00000000080009fc                DMA2D_IRQHandler
                0x00000000080009fc                TIM1_BRK_IRQHandler
                0x00000000080009fc                EXTI1_IRQHandler
                0x00000000080009fc                SDMMC2_IRQHandler
                0x00000000080009fc                BDMA_Channel3_IRQHandler
                0x00000000080009fc                MDIOS_WKUP_IRQHandler
                0x00000000080009fc                DFSDM1_FLT0_IRQHandler
                0x00000000080009fc                SAI4_IRQHandler
                0x00000000080009fc                I2C2_ER_IRQHandler
                0x00000000080009fc                DMA2_Stream1_IRQHandler
                0x00000000080009fc                FLASH_IRQHandler
                0x00000000080009fc                BusFault_Handler
                0x00000000080009fc                WAKEUP_PIN_IRQHandler
                0x00000000080009fc                I2C1_ER_IRQHandler
                0x00000000080009fc                FMC_IRQHandler
                0x00000000080009fc                FDCAN_CAL_IRQHandler
                0x00000000080009fc                SWPMI1_IRQHandler
                0x00000000080009fc                COMP1_IRQHandler
                0x00000000080009fc                LPTIM1_IRQHandler
                0x00000000080009fc                I2C4_ER_IRQHandler
                0x00000000080009fc                DMA2_Stream6_IRQHandler
                0x00000000080009fc                SAI1_IRQHandler
 .text.Reset_Handler
                0x0000000008000a00       0x44 build/startup_stm32h750xx.o
                0x0000000008000a00                Reset_Handler
 .text._ZN5daisy9ParameterD2Ev
                0x0000000008000a44        0x4 build/Polysynth.o
                0x0000000008000a44                daisy::Parameter::~Parameter()
                0x0000000008000a44                daisy::Parameter::~Parameter()
 .text._ZN5daisy8DaisyPodD2Ev
                0x0000000008000a48        0x4 build/Polysynth.o
                0x0000000008000a48                daisy::DaisyPod::~DaisyPod()
                0x0000000008000a48                daisy::DaisyPod::~DaisyPod()
 .text.__tcf_0  0x0000000008000a4c        0x4 build/Polysynth.o
 .text._ZN10filtStructD2Ev
                0x0000000008000a50        0x4 build/Polysynth.o
                0x0000000008000a50                filtStruct::~filtStruct()
                0x0000000008000a50                filtStruct::~filtStruct()
 .text._ZN5daisy11MidiHandlerINS_16MidiUsbTransportEED2Ev
                0x0000000008000a54        0x4 build/Polysynth.o
                0x0000000008000a54                daisy::MidiHandler<daisy::MidiUsbTransport>::~MidiHandler()
                0x0000000008000a54                daisy::MidiHandler<daisy::MidiUsbTransport>::~MidiHandler()
 .text.__tcf_2  0x0000000008000a58        0x4 build/Polysynth.o
 .text.__tcf_1  0x0000000008000a5c        0x4 build/Polysynth.o
 .text._ZL13AudioCallbackPKfPfj
                0x0000000008000a60      0x108 build/Polysynth.o
 .text._Z9InitSynthf
                0x0000000008000b68       0xbc build/Polysynth.o
                0x0000000008000b68                InitSynth(float)
 .text._Z13InitEnvelopesf
                0x0000000008000c24       0x90 build/Polysynth.o
                0x0000000008000c24                InitEnvelopes(float)
 .text._Z10InitColorsv
                0x0000000008000cb4       0x6c build/Polysynth.o
                0x0000000008000cb4                InitColors()
 .text._Z6NoteONh
                0x0000000008000d20      0x1c0 build/Polysynth.o
                0x0000000008000d20                NoteON(unsigned char)
 .text._ZN5daisy11MidiHandlerINS_16MidiUsbTransportEE5ParseEh
                0x0000000008000ee0      0x2c0 build/Polysynth.o
                0x0000000008000ee0                daisy::MidiHandler<daisy::MidiUsbTransport>::Parse(unsigned char)
 .text._ZN5daisy11MidiHandlerINS_17MidiUartTransportEE5ParseEh
                0x00000000080011a0      0x2c0 build/Polysynth.o
                0x00000000080011a0                daisy::MidiHandler<daisy::MidiUartTransport>::Parse(unsigned char)
 .text.startup.main
                0x0000000008001460      0x198 build/Polysynth.o
                0x0000000008001460                main
 .text.startup._GLOBAL__sub_I_voicenote
                0x00000000080015f8       0xec build/Polysynth.o
 .text._ZN5daisy8DaisyPod10StartAudioEPFvPKfPfjE
                0x00000000080016e4        0x4 ../../libDaisy/build/libdaisy.a(daisy_pod.o)
                0x00000000080016e4                daisy::DaisyPod::StartAudio(void (*)(float const*, float*, unsigned int))
 .text._ZN5daisy8DaisyPod17SetAudioBlockSizeEj
                0x00000000080016e8       0x2c ../../libDaisy/build/libdaisy.a(daisy_pod.o)
                0x00000000080016e8                daisy::DaisyPod::SetAudioBlockSize(unsigned int)
 .text._ZN5daisy8DaisyPod15AudioSampleRateEv
                0x0000000008001714        0x4 ../../libDaisy/build/libdaisy.a(daisy_pod.o)
                0x0000000008001714                daisy::DaisyPod::AudioSampleRate()
 .text._ZN5daisy8DaisyPod8StartAdcEv
                0x0000000008001718        0x8 ../../libDaisy/build/libdaisy.a(daisy_pod.o)
                0x0000000008001718                daisy::DaisyPod::StartAdc()
 .text._ZN5daisy8DaisyPod21ProcessAnalogControlsEv
                0x0000000008001720       0x18 ../../libDaisy/build/libdaisy.a(daisy_pod.o)
                0x0000000008001720                daisy::DaisyPod::ProcessAnalogControls()
 .text._ZN5daisy8DaisyPod22ProcessDigitalControlsEv
                0x0000000008001738       0x20 ../../libDaisy/build/libdaisy.a(daisy_pod.o)
                0x0000000008001738                daisy::DaisyPod::ProcessDigitalControls()
 .text._ZN5daisy8DaisyPod10UpdateLedsEv
                0x0000000008001758       0x18 ../../libDaisy/build/libdaisy.a(daisy_pod.o)
                0x0000000008001758                daisy::DaisyPod::UpdateLeds()
 .text._ZN5daisy8DaisyPod8InitLedsEv
                0x0000000008001770       0xac ../../libDaisy/build/libdaisy.a(daisy_pod.o)
                0x0000000008001770                daisy::DaisyPod::InitLeds()
 .text._ZN5daisy8DaisyPod9InitKnobsEv
                0x000000000800181c       0x98 ../../libDaisy/build/libdaisy.a(daisy_pod.o)
                0x000000000800181c                daisy::DaisyPod::InitKnobs()
 .text._ZN5daisy8DaisyPod4InitEb
                0x00000000080018b4      0x118 ../../libDaisy/build/libdaisy.a(daisy_pod.o)
                0x00000000080018b4                daisy::DaisyPod::Init(bool)
 .text._ZN5daisy9DaisySeed9ConfigureEv
                0x00000000080019cc        0x4 ../../libDaisy/build/libdaisy.a(daisy_seed.o)
                0x00000000080019cc                daisy::DaisySeed::Configure()
 .text._ZN5daisy9DaisySeed6GetPinEh
                0x00000000080019d0       0x2c ../../libDaisy/build/libdaisy.a(daisy_seed.o)
                0x00000000080019d0                daisy::DaisySeed::GetPin(unsigned char)
 .text._ZN5daisy9DaisySeed10StartAudioEPFvPKfPfjE
                0x00000000080019fc        0x8 ../../libDaisy/build/libdaisy.a(daisy_seed.o)
                0x00000000080019fc                daisy::DaisySeed::StartAudio(void (*)(float const*, float*, unsigned int))
 .text._ZN5daisy9DaisySeed15AudioSampleRateEv
                0x0000000008001a04        0x8 ../../libDaisy/build/libdaisy.a(daisy_seed.o)
                0x0000000008001a04                daisy::DaisySeed::AudioSampleRate()
 .text._ZN5daisy9DaisySeed17SetAudioBlockSizeEj
                0x0000000008001a0c       0x38 ../../libDaisy/build/libdaisy.a(daisy_seed.o)
                0x0000000008001a0c                daisy::DaisySeed::SetAudioBlockSize(unsigned int)
 .text._ZNK5daisy9DaisySeed17AudioCallbackRateEv
                0x0000000008001a44        0x8 ../../libDaisy/build/libdaisy.a(daisy_seed.o)
                0x0000000008001a44                daisy::DaisySeed::AudioCallbackRate() const
 .text._ZN5daisy9DaisySeed14ConfigureAudioEv
                0x0000000008001a4c       0xd0 ../../libDaisy/build/libdaisy.a(daisy_seed.o)
                0x0000000008001a4c                daisy::DaisySeed::ConfigureAudio()
 .text._ZN5daisy9DaisySeed4InitEb
                0x0000000008001b1c       0xf0 ../../libDaisy/build/libdaisy.a(daisy_seed.o)
                0x0000000008001b1c                daisy::DaisySeed::Init(bool)
 .text._ZN5daisy6Ak45564InitE12dsy_gpio_pin
                0x0000000008001c0c       0x44 ../../libDaisy/build/libdaisy.a(codec_ak4556.o)
                0x0000000008001c0c                daisy::Ak4556::Init(dsy_gpio_pin)
 .text._ZN5daisy6Wm873120WriteControlRegisterEht
                0x0000000008001c50       0x3c ../../libDaisy/build/libdaisy.a(codec_wm8731.o)
                0x0000000008001c50                daisy::Wm8731::WriteControlRegister(unsigned char, unsigned short)
 .text._ZN5daisy6Wm87314InitERKNS0_6ConfigENS_9I2CHandleE
                0x0000000008001c8c      0x1bc ../../libDaisy/build/libdaisy.a(codec_wm8731.o)
                0x0000000008001c8c                daisy::Wm8731::Init(daisy::Wm8731::Config const&, daisy::I2CHandle)
 .text._ZN11SdramHandle10DeviceInitEv
                0x0000000008001e48       0x98 ../../libDaisy/build/libdaisy.a(sdram.o)
                0x0000000008001e48                SdramHandle::DeviceInit()
 .text._ZN11SdramHandle4InitEv
                0x0000000008001ee0       0x7c ../../libDaisy/build/libdaisy.a(sdram.o)
                0x0000000008001ee0                SdramHandle::Init()
 .text.HAL_SDRAM_MspInit
                0x0000000008001f5c      0x1a8 ../../libDaisy/build/libdaisy.a(sdram.o)
                0x0000000008001f5c                HAL_SDRAM_MspInit
 .text._ZN5daisy11AudioHandle4Impl16InternalCallbackEPlS2_j
                0x0000000008002104      0xbbc ../../libDaisy/build/libdaisy.a(audio.o)
                0x0000000008002104                daisy::AudioHandle::Impl::InternalCallback(long*, long*, unsigned int)
 .text._ZN5daisy11AudioHandle4InitERKNS0_6ConfigENS_9SaiHandleE
                0x0000000008002cc0       0x70 ../../libDaisy/build/libdaisy.a(audio.o)
                0x0000000008002cc0                daisy::AudioHandle::Init(daisy::AudioHandle::Config const&, daisy::SaiHandle)
 .text._ZNK5daisy11AudioHandle9GetConfigEv
                0x0000000008002d30        0x8 ../../libDaisy/build/libdaisy.a(audio.o)
                0x0000000008002d30                daisy::AudioHandle::GetConfig() const
 .text._ZN5daisy11AudioHandle12SetBlockSizeEj
                0x0000000008002d38       0x1c ../../libDaisy/build/libdaisy.a(audio.o)
                0x0000000008002d38                daisy::AudioHandle::SetBlockSize(unsigned int)
 .text._ZN5daisy11AudioHandle13GetSampleRateEv
                0x0000000008002d54        0x8 ../../libDaisy/build/libdaisy.a(audio.o)
                0x0000000008002d54                daisy::AudioHandle::GetSampleRate()
 .text._ZN5daisy11AudioHandle5StartEPFvPKfPfjE
                0x0000000008002d5c       0x2c ../../libDaisy/build/libdaisy.a(audio.o)
                0x0000000008002d5c                daisy::AudioHandle::Start(void (*)(float const*, float*, unsigned int))
 .text.startup._GLOBAL__sub_I__ZN5daisy11AudioHandle4Impl4InitENS0_6ConfigENS_9SaiHandleE
                0x0000000008002d88       0x24 ../../libDaisy/build/libdaisy.a(audio.o)
 .text._ZN5daisy13AnalogControl4InitEPtfbbf
                0x0000000008002dac       0x64 ../../libDaisy/build/libdaisy.a(ctrl.o)
                0x0000000008002dac                daisy::AnalogControl::Init(unsigned short*, float, bool, bool, float)
 .text._ZN5daisy13AnalogControl7ProcessEv
                0x0000000008002e10       0x48 ../../libDaisy/build/libdaisy.a(ctrl.o)
                0x0000000008002e10                daisy::AnalogControl::Process()
 .text._ZN5daisy13AnalogControl13SetSampleRateEf
                0x0000000008002e58       0x58 ../../libDaisy/build/libdaisy.a(ctrl.o)
                0x0000000008002e58                daisy::AnalogControl::SetSampleRate(float)
 .text._ZN5daisy7Encoder4InitE12dsy_gpio_pinS1_S1_f
                0x0000000008002eb0       0x60 ../../libDaisy/build/libdaisy.a(encoder.o)
                0x0000000008002eb0                daisy::Encoder::Init(dsy_gpio_pin, dsy_gpio_pin, dsy_gpio_pin, float)
 .text._ZN5daisy7Encoder8DebounceEv
                0x0000000008002f10       0x7c ../../libDaisy/build/libdaisy.a(encoder.o)
                0x0000000008002f10                daisy::Encoder::Debounce()
 .text._ZN5daisy9Parameter4InitENS_13AnalogControlEffNS0_5CurveE
                0x0000000008002f8c       0x60 ../../libDaisy/build/libdaisy.a(parameter.o)
                0x0000000008002f8c                daisy::Parameter::Init(daisy::AnalogControl, float, float, daisy::Parameter::Curve)
 .text._ZN5daisy9Parameter7ProcessEv
                0x0000000008002fec       0xac ../../libDaisy/build/libdaisy.a(parameter.o)
                0x0000000008002fec                daisy::Parameter::Process()
 .text._ZN5daisy6RgbLed4InitE12dsy_gpio_pinS1_S1_b
                0x0000000008003098       0x50 ../../libDaisy/build/libdaisy.a(rgb_led.o)
                0x0000000008003098                daisy::RgbLed::Init(dsy_gpio_pin, dsy_gpio_pin, dsy_gpio_pin, bool)
 .text._ZN5daisy6RgbLed8SetColorENS_5ColorE
                0x00000000080030e8       0x2c ../../libDaisy/build/libdaisy.a(rgb_led.o)
                0x00000000080030e8                daisy::RgbLed::SetColor(daisy::Color)
 .text._ZN5daisy6RgbLed6UpdateEv
                0x0000000008003114       0x1c ../../libDaisy/build/libdaisy.a(rgb_led.o)
                0x0000000008003114                daisy::RgbLed::Update()
 .text._ZN5daisy6Switch4InitE12dsy_gpio_pinf
                0x0000000008003130       0x34 ../../libDaisy/build/libdaisy.a(switch.o)
                0x0000000008003130                daisy::Switch::Init(dsy_gpio_pin, float)
 .text._ZN5daisy6Switch8DebounceEv
                0x0000000008003164       0x5c ../../libDaisy/build/libdaisy.a(switch.o)
                0x0000000008003164                daisy::Switch::Debounce()
 .text._ZN5daisy16MidiUsbTransport4ImplD2Ev
                0x00000000080031c0        0x4 ../../libDaisy/build/libdaisy.a(usb_midi.o)
                0x00000000080031c0                daisy::MidiUsbTransport::Impl::~Impl()
                0x00000000080031c0                daisy::MidiUsbTransport::Impl::~Impl()
 .text._Z15ReceiveCallbackPhPm
                0x00000000080031c4       0x9c ../../libDaisy/build/libdaisy.a(usb_midi.o)
                0x00000000080031c4                ReceiveCallback(unsigned char*, unsigned long*)
 .text._ZN5daisy16MidiUsbTransport4InitENS0_6ConfigE
                0x0000000008003260       0x50 ../../libDaisy/build/libdaisy.a(usb_midi.o)
                0x0000000008003260                daisy::MidiUsbTransport::Init(daisy::MidiUsbTransport::Config)
 .text._ZN5daisy16MidiUsbTransport7StartRxEv
                0x00000000080032b0        0x8 ../../libDaisy/build/libdaisy.a(usb_midi.o)
                0x00000000080032b0                daisy::MidiUsbTransport::StartRx()
 .text._ZN5daisy16MidiUsbTransport8ReadableEv
                0x00000000080032b8       0x14 ../../libDaisy/build/libdaisy.a(usb_midi.o)
                0x00000000080032b8                daisy::MidiUsbTransport::Readable()
 .text._ZN5daisy16MidiUsbTransport2RxEv
                0x00000000080032cc       0x28 ../../libDaisy/build/libdaisy.a(usb_midi.o)
                0x00000000080032cc                daisy::MidiUsbTransport::Rx()
 .text._ZN5daisy16MidiUsbTransport8RxActiveEv
                0x00000000080032f4        0x8 ../../libDaisy/build/libdaisy.a(usb_midi.o)
                0x00000000080032f4                daisy::MidiUsbTransport::RxActive()
 .text._ZN5daisy16MidiUsbTransport7FlushRxEv
                0x00000000080032fc        0xc ../../libDaisy/build/libdaisy.a(usb_midi.o)
                0x00000000080032fc                daisy::MidiUsbTransport::FlushRx()
 .text.startup._GLOBAL__sub_I__Z15ReceiveCallbackPhPm
                0x0000000008003308       0x58 ../../libDaisy/build/libdaisy.a(usb_midi.o)
 .text._ZN5daisy16AdcChannelConfig10InitSingleE12dsy_gpio_pin
                0x0000000008003360       0x1c ../../libDaisy/build/libdaisy.a(adc.o)
                0x0000000008003360                daisy::AdcChannelConfig::InitSingle(dsy_gpio_pin)
 .text._ZN5daisy9AdcHandle4InitEPNS_16AdcChannelConfigEjNS0_12OverSamplingE
                0x000000000800337c      0x3c8 ../../libDaisy/build/libdaisy.a(adc.o)
                0x000000000800337c                daisy::AdcHandle::Init(daisy::AdcChannelConfig*, unsigned int, daisy::AdcHandle::OverSampling)
 .text._ZN5daisy9AdcHandle5StartEv
                0x0000000008003744       0x2c ../../libDaisy/build/libdaisy.a(adc.o)
                0x0000000008003744                daisy::AdcHandle::Start()
 .text._ZNK5daisy9AdcHandle6GetPtrEh
                0x0000000008003770       0x14 ../../libDaisy/build/libdaisy.a(adc.o)
                0x0000000008003770                daisy::AdcHandle::GetPtr(unsigned char) const
 .text.HAL_ADC_MspInit
                0x0000000008003784       0x98 ../../libDaisy/build/libdaisy.a(adc.o)
                0x0000000008003784                HAL_ADC_MspInit
 .text.DMA1_Stream2_IRQHandler
                0x000000000800381c        0xc ../../libDaisy/build/libdaisy.a(adc.o)
                0x000000000800381c                DMA1_Stream2_IRQHandler
 .text.HAL_ADC_ConvCpltCallback
                0x0000000008003828      0x148 ../../libDaisy/build/libdaisy.a(adc.o)
                0x0000000008003828                HAL_ADC_ConvCpltCallback
 .text.HAL_ADC_ErrorCallback
                0x0000000008003970        0x4 ../../libDaisy/build/libdaisy.a(adc.o)
                0x0000000008003970                HAL_ADC_ErrorCallback
 .text.dsy_gpio_init
                0x0000000008003974      0x1b8 ../../libDaisy/build/libdaisy.a(gpio.o)
                0x0000000008003974                dsy_gpio_init
 .text.dsy_gpio_read
                0x0000000008003b2c       0x1c ../../libDaisy/build/libdaisy.a(gpio.o)
                0x0000000008003b2c                dsy_gpio_read
 .text.dsy_gpio_write
                0x0000000008003b48       0x24 ../../libDaisy/build/libdaisy.a(gpio.o)
                0x0000000008003b48                dsy_gpio_write
 .text._ZN5daisy9I2CHandle4Impl8InitPinsEv
                0x0000000008003b6c       0x58 ../../libDaisy/build/libdaisy.a(i2c.o)
                0x0000000008003b6c                daisy::I2CHandle::Impl::InitPins()
 .text.HAL_I2C_MspInit
                0x0000000008003bc4      0x1b4 ../../libDaisy/build/libdaisy.a(i2c.o)
                0x0000000008003bc4                HAL_I2C_MspInit
 .text.dsy_i2c_global_init
                0x0000000008003d78       0x78 ../../libDaisy/build/libdaisy.a(i2c.o)
                0x0000000008003d78                dsy_i2c_global_init
 .text.DMA1_Stream6_IRQHandler
                0x0000000008003df0       0x34 ../../libDaisy/build/libdaisy.a(i2c.o)
                0x0000000008003df0                DMA1_Stream6_IRQHandler
 .text.I2C1_EV_IRQHandler
                0x0000000008003e24        0xc ../../libDaisy/build/libdaisy.a(i2c.o)
                0x0000000008003e24                I2C1_EV_IRQHandler
 .text.I2C2_EV_IRQHandler
                0x0000000008003e30        0xc ../../libDaisy/build/libdaisy.a(i2c.o)
                0x0000000008003e30                I2C2_EV_IRQHandler
 .text.I2C3_EV_IRQHandler
                0x0000000008003e3c        0xc ../../libDaisy/build/libdaisy.a(i2c.o)
                0x0000000008003e3c                I2C3_EV_IRQHandler
 .text._ZN5daisy9I2CHandle4InitERKNS0_6ConfigE
                0x0000000008003e48      0x12c ../../libDaisy/build/libdaisy.a(i2c.o)
                0x0000000008003e48                daisy::I2CHandle::Init(daisy::I2CHandle::Config const&)
 .text._ZN5daisy9I2CHandle16TransmitBlockingEtPhtm
                0x0000000008003f74       0x50 ../../libDaisy/build/libdaisy.a(i2c.o)
                0x0000000008003f74                daisy::I2CHandle::TransmitBlocking(unsigned short, unsigned char*, unsigned short, unsigned long)
 .text.startup._GLOBAL__sub_I__ZN5daisy9I2CHandle4Impl10GlobalInitEv
                0x0000000008003fc4       0x18 ../../libDaisy/build/libdaisy.a(i2c.o)
 .text._ZN5daisy10QSPIHandle4Impl11WriteEnableEv
                0x0000000008003fdc       0x8c ../../libDaisy/build/libdaisy.a(qspi.o)
                0x0000000008003fdc                daisy::QSPIHandle::Impl::WriteEnable()
 .text._ZN5daisy10QSPIHandle4Impl17DummyCyclesConfigENS0_6Config6DeviceE
                0x0000000008004068      0x118 ../../libDaisy/build/libdaisy.a(qspi.o)
                0x0000000008004068                daisy::QSPIHandle::Impl::DummyCyclesConfig(daisy::QSPIHandle::Config::Device)
 .text._ZN5daisy10QSPIHandle4Impl10QuadEnableEv
                0x0000000008004180      0x158 ../../libDaisy/build/libdaisy.a(qspi.o)
                0x0000000008004180                daisy::QSPIHandle::Impl::QuadEnable()
 .text._ZN5daisy10QSPIHandle4InitERKNS0_6ConfigE
                0x00000000080042d8      0x198 ../../libDaisy/build/libdaisy.a(qspi.o)
                0x00000000080042d8                daisy::QSPIHandle::Init(daisy::QSPIHandle::Config const&)
 .text.HAL_QSPI_MspInit
                0x0000000008004470      0x11c ../../libDaisy/build/libdaisy.a(qspi.o)
                0x0000000008004470                HAL_QSPI_MspInit
 .text.HAL_QSPI_MspDeInit
                0x000000000800458c       0x54 ../../libDaisy/build/libdaisy.a(qspi.o)
                0x000000000800458c                HAL_QSPI_MspDeInit
 .text.QUADSPI_IRQHandler
                0x00000000080045e0        0xc ../../libDaisy/build/libdaisy.a(qspi.o)
                0x00000000080045e0                QUADSPI_IRQHandler
 .text.startup._GLOBAL__sub_I__ZN5daisy10QSPIHandle4Impl4InitERKNS0_6ConfigE
                0x00000000080045ec       0x28 ../../libDaisy/build/libdaisy.a(qspi.o)
 .text._ZN5daisy9SaiHandle4Impl7InitDmaENS1_15PeripheralBlockE
                0x0000000008004614       0xa0 ../../libDaisy/build/libdaisy.a(sai.o)
                0x0000000008004614                daisy::SaiHandle::Impl::InitDma(daisy::SaiHandle::Impl::PeripheralBlock)
 .text._ZN5daisy9SaiHandle4Impl8InitPinsEv
                0x00000000080046b4       0xa8 ../../libDaisy/build/libdaisy.a(sai.o)
                0x00000000080046b4                daisy::SaiHandle::Impl::InitPins()
 .text.HAL_SAI_MspInit
                0x000000000800475c      0x164 ../../libDaisy/build/libdaisy.a(sai.o)
                0x000000000800475c                HAL_SAI_MspInit
 .text.DMA1_Stream0_IRQHandler
                0x00000000080048c0        0xc ../../libDaisy/build/libdaisy.a(sai.o)
                0x00000000080048c0                DMA1_Stream0_IRQHandler
 .text.DMA1_Stream1_IRQHandler
                0x00000000080048cc        0xc ../../libDaisy/build/libdaisy.a(sai.o)
                0x00000000080048cc                DMA1_Stream1_IRQHandler
 .text.DMA1_Stream3_IRQHandler
                0x00000000080048d8        0xc ../../libDaisy/build/libdaisy.a(sai.o)
                0x00000000080048d8                DMA1_Stream3_IRQHandler
 .text.DMA1_Stream4_IRQHandler
                0x00000000080048e4        0xc ../../libDaisy/build/libdaisy.a(sai.o)
                0x00000000080048e4                DMA1_Stream4_IRQHandler
 .text.HAL_SAI_RxHalfCpltCallback
                0x00000000080048f0       0x78 ../../libDaisy/build/libdaisy.a(sai.o)
                0x00000000080048f0                HAL_SAI_RxHalfCpltCallback
 .text.HAL_SAI_RxCpltCallback
                0x0000000008004968       0x70 ../../libDaisy/build/libdaisy.a(sai.o)
                0x0000000008004968                HAL_SAI_RxCpltCallback
 .text._ZN5daisy9SaiHandle4InitERKNS0_6ConfigE
                0x00000000080049d8      0x1f0 ../../libDaisy/build/libdaisy.a(sai.o)
                0x00000000080049d8                daisy::SaiHandle::Init(daisy::SaiHandle::Config const&)
 .text._ZNK5daisy9SaiHandle9GetConfigEv
                0x0000000008004bc8        0x4 ../../libDaisy/build/libdaisy.a(sai.o)
                0x0000000008004bc8                daisy::SaiHandle::GetConfig() const
 .text._ZN5daisy9SaiHandle8StartDmaEPlS1_jPFvS1_S1_jE
                0x0000000008004bcc       0xbc ../../libDaisy/build/libdaisy.a(sai.o)
                0x0000000008004bcc                daisy::SaiHandle::StartDma(long*, long*, unsigned int, void (*)(long*, long*, unsigned int))
 .text._ZN5daisy9SaiHandle13GetSampleRateEv
                0x0000000008004c88       0x24 ../../libDaisy/build/libdaisy.a(sai.o)
                0x0000000008004c88                daisy::SaiHandle::GetSampleRate()
 .text._ZNK5daisy9SaiHandle9GetOffsetEv
                0x0000000008004cac        0x8 ../../libDaisy/build/libdaisy.a(sai.o)
                0x0000000008004cac                daisy::SaiHandle::GetOffset() const
 .text._ZN5daisy11UartHandler4Impl7InitDmaEbb
                0x0000000008004cb4      0x164 ../../libDaisy/build/libdaisy.a(uart.o)
                0x0000000008004cb4                daisy::UartHandler::Impl::InitDma(bool, bool)
 .text._ZN5daisy11UartHandler4Impl10HandleFifoEv
                0x0000000008004e18       0xec ../../libDaisy/build/libdaisy.a(uart.o)
                0x0000000008004e18                daisy::UartHandler::Impl::HandleFifo()
 .text._ZN5daisy11UartHandler4Impl10DmaReceiveEPhjPFvPvEPFvS3_NS0_6ResultEES3_.constprop.0
                0x0000000008004f04      0x108 ../../libDaisy/build/libdaisy.a(uart.o)
 .text._ZN5daisy11UartHandler4Impl25DmaReceiveFifoEndCallbackEPvNS0_6ResultE
                0x000000000800500c       0x2c ../../libDaisy/build/libdaisy.a(uart.o)
                0x000000000800500c                daisy::UartHandler::Impl::DmaReceiveFifoEndCallback(void*, daisy::UartHandler::Result)
 .text._ZN5daisy11UartHandler4Impl10StartDmaTxEPhjPFvPvEPFvS3_NS0_6ResultEES3_
                0x0000000008005038       0xcc ../../libDaisy/build/libdaisy.a(uart.o)
                0x0000000008005038                daisy::UartHandler::Impl::StartDmaTx(unsigned char*, unsigned int, void (*)(void*), void (*)(void*, daisy::UartHandler::Result), void*)
 .text._ZN5daisy11UartHandler4Impl10StartDmaRxEPhjPFvPvEPFvS3_NS0_6ResultEES3_
                0x0000000008005104       0xcc ../../libDaisy/build/libdaisy.a(uart.o)
                0x0000000008005104                daisy::UartHandler::Impl::StartDmaRx(unsigned char*, unsigned int, void (*)(void*), void (*)(void*, daisy::UartHandler::Result), void*)
 .text._ZN5daisy11UartHandler4Impl19DmaTransferFinishedEP20__UART_HandleTypeDefNS0_6ResultE
                0x00000000080051d0       0xc0 ../../libDaisy/build/libdaisy.a(uart.o)
                0x00000000080051d0                daisy::UartHandler::Impl::DmaTransferFinished(__UART_HandleTypeDef*, daisy::UartHandler::Result)
 .text._ZN5daisy11UartHandler4Impl8InitPinsEv
                0x0000000008005290      0x150 ../../libDaisy/build/libdaisy.a(uart.o)
                0x0000000008005290                daisy::UartHandler::Impl::InitPins()
 .text.HAL_UART_MspInit
                0x00000000080053e0      0x210 ../../libDaisy/build/libdaisy.a(uart.o)
                0x00000000080053e0                HAL_UART_MspInit
 .text.dsy_uart_global_init
                0x00000000080055f0       0xfc ../../libDaisy/build/libdaisy.a(uart.o)
                0x00000000080055f0                dsy_uart_global_init
 .text.USART1_IRQHandler
                0x00000000080056ec       0x30 ../../libDaisy/build/libdaisy.a(uart.o)
                0x00000000080056ec                USART1_IRQHandler
 .text.USART2_IRQHandler
                0x000000000800571c       0x34 ../../libDaisy/build/libdaisy.a(uart.o)
                0x000000000800571c                USART2_IRQHandler
 .text.USART3_IRQHandler
                0x0000000008005750       0x34 ../../libDaisy/build/libdaisy.a(uart.o)
                0x0000000008005750                USART3_IRQHandler
 .text.UART4_IRQHandler
                0x0000000008005784       0x34 ../../libDaisy/build/libdaisy.a(uart.o)
                0x0000000008005784                UART4_IRQHandler
 .text.UART5_IRQHandler
                0x00000000080057b8       0x34 ../../libDaisy/build/libdaisy.a(uart.o)
                0x00000000080057b8                UART5_IRQHandler
 .text.USART6_IRQHandler
                0x00000000080057ec       0x34 ../../libDaisy/build/libdaisy.a(uart.o)
                0x00000000080057ec                USART6_IRQHandler
 .text.UART7_IRQHandler
                0x0000000008005820       0x30 ../../libDaisy/build/libdaisy.a(uart.o)
                0x0000000008005820                UART7_IRQHandler
 .text.UART8_IRQHandler
                0x0000000008005850       0x34 ../../libDaisy/build/libdaisy.a(uart.o)
                0x0000000008005850                UART8_IRQHandler
 .text.LPUART1_IRQHandler
                0x0000000008005884       0x34 ../../libDaisy/build/libdaisy.a(uart.o)
                0x0000000008005884                LPUART1_IRQHandler
 .text.DMA1_Stream5_IRQHandler
                0x00000000080058b8       0x34 ../../libDaisy/build/libdaisy.a(uart.o)
                0x00000000080058b8                DMA1_Stream5_IRQHandler
 .text.DMA2_Stream4_IRQHandler
                0x00000000080058ec       0x34 ../../libDaisy/build/libdaisy.a(uart.o)
                0x00000000080058ec                DMA2_Stream4_IRQHandler
 .text.HAL_UART_TxCpltCallback
                0x0000000008005920        0x8 ../../libDaisy/build/libdaisy.a(uart.o)
                0x0000000008005920                HAL_UART_TxCpltCallback
 .text.HAL_UART_RxCpltCallback
                0x0000000008005928        0x8 ../../libDaisy/build/libdaisy.a(uart.o)
                0x0000000008005928                HAL_UART_RxCpltCallback
 .text.HAL_UART_ErrorCallback
                0x0000000008005930        0x8 ../../libDaisy/build/libdaisy.a(uart.o)
                0x0000000008005930                HAL_UART_ErrorCallback
 .text._ZN5daisy11UartHandler4InitERKNS0_6ConfigE
                0x0000000008005938       0xec ../../libDaisy/build/libdaisy.a(uart.o)
                0x0000000008005938                daisy::UartHandler::Init(daisy::UartHandler::Config const&)
 .text._ZN5daisy11UartHandler5PopRxEv
                0x0000000008005a24       0x28 ../../libDaisy/build/libdaisy.a(uart.o)
                0x0000000008005a24                daisy::UartHandler::PopRx()
 .text._ZN5daisy11UartHandler7StartRxEv
                0x0000000008005a4c      0x108 ../../libDaisy/build/libdaisy.a(uart.o)
                0x0000000008005a4c                daisy::UartHandler::StartRx()
 .text._ZN5daisy11UartHandler8ReadableEv
                0x0000000008005b54       0x10 ../../libDaisy/build/libdaisy.a(uart.o)
                0x0000000008005b54                daisy::UartHandler::Readable()
 .text.startup._GLOBAL__sub_I__Z19MapInstanceToHandleP13USART_TypeDef
                0x0000000008005b64      0x190 ../../libDaisy/build/libdaisy.a(uart.o)
 .text._ZN5daisy11TimerHandleD2Ev
                0x0000000008005cf4        0x4 ../../libDaisy/build/libdaisy.a(system.o)
                0x0000000008005cf4                daisy::TimerHandle::~TimerHandle()
                0x0000000008005cf4                daisy::TimerHandle::~TimerHandle()
 .text.SysTick_Handler
                0x0000000008005cf8       0x10 ../../libDaisy/build/libdaisy.a(system.o)
                0x0000000008005cf8                SysTick_Handler
 .text.OTG_HS_EP1_OUT_IRQHandler
                0x0000000008005d08       0x24 ../../libDaisy/build/libdaisy.a(system.o)
                0x0000000008005d08                OTG_HS_EP1_OUT_IRQHandler
 .text.OTG_HS_EP1_IN_IRQHandler
                0x0000000008005d2c       0x24 ../../libDaisy/build/libdaisy.a(system.o)
                0x0000000008005d2c                OTG_HS_EP1_IN_IRQHandler
 .text.OTG_HS_IRQHandler
                0x0000000008005d50       0x24 ../../libDaisy/build/libdaisy.a(system.o)
                0x0000000008005d50                OTG_HS_IRQHandler
 .text.HardFault_Handler
                0x0000000008005d74       0xe0 ../../libDaisy/build/libdaisy.a(system.o)
                0x0000000008005d74                HardFault_Handler
 .text._ZN5daisy6System6GetNowEv
                0x0000000008005e54        0x4 ../../libDaisy/build/libdaisy.a(system.o)
                0x0000000008005e54                daisy::System::GetNow()
 .text._ZN5daisy6System5DelayEm
                0x0000000008005e58        0x4 ../../libDaisy/build/libdaisy.a(system.o)
                0x0000000008005e58                daisy::System::Delay(unsigned long)
 .text._ZN5daisy6System15ConfigureClocksEv
                0x0000000008005e5c      0x194 ../../libDaisy/build/libdaisy.a(system.o)
                0x0000000008005e5c                daisy::System::ConfigureClocks()
 .text._ZN5daisy6System4InitERKNS0_6ConfigE
                0x0000000008005ff0      0x140 ../../libDaisy/build/libdaisy.a(system.o)
                0x0000000008005ff0                daisy::System::Init(daisy::System::Config const&)
 .text._ZN5daisy6System12GetPClk1FreqEv
                0x0000000008006130        0x4 ../../libDaisy/build/libdaisy.a(system.o)
                0x0000000008006130                daisy::System::GetPClk1Freq()
 .text._ZN5daisy6System22GetProgramMemoryRegionEv
                0x0000000008006134       0x78 ../../libDaisy/build/libdaisy.a(system.o)
                0x0000000008006134                daisy::System::GetProgramMemoryRegion()
 .text.startup._GLOBAL__sub_I_SysTick_Handler
                0x00000000080061ac       0x1c ../../libDaisy/build/libdaisy.a(system.o)
 .text.SystemInit
                0x00000000080061c8       0x9c ../../libDaisy/build/libdaisy.a(system_stm32h7xx.o)
                0x00000000080061c8                SystemInit
 .text.HAL_PCD_MspInit
                0x0000000008006264      0x144 ../../libDaisy/build/libdaisy.a(usbd_conf.o)
                0x0000000008006264                HAL_PCD_MspInit
 .text.HAL_PCD_SetupStageCallback
                0x00000000080063a8        0xc ../../libDaisy/build/libdaisy.a(usbd_conf.o)
                0x00000000080063a8                HAL_PCD_SetupStageCallback
 .text.HAL_PCD_DataOutStageCallback
                0x00000000080063b4       0x14 ../../libDaisy/build/libdaisy.a(usbd_conf.o)
                0x00000000080063b4                HAL_PCD_DataOutStageCallback
 .text.HAL_PCD_DataInStageCallback
                0x00000000080063c8       0x14 ../../libDaisy/build/libdaisy.a(usbd_conf.o)
                0x00000000080063c8                HAL_PCD_DataInStageCallback
 .text.HAL_PCD_SOFCallback
                0x00000000080063dc        0x8 ../../libDaisy/build/libdaisy.a(usbd_conf.o)
                0x00000000080063dc                HAL_PCD_SOFCallback
 .text.HAL_PCD_ResetCallback
                0x00000000080063e4       0x24 ../../libDaisy/build/libdaisy.a(usbd_conf.o)
                0x00000000080063e4                HAL_PCD_ResetCallback
 .text.HAL_PCD_SuspendCallback
                0x0000000008006408       0x30 ../../libDaisy/build/libdaisy.a(usbd_conf.o)
                0x0000000008006408                HAL_PCD_SuspendCallback
 .text.HAL_PCD_ResumeCallback
                0x0000000008006438        0x8 ../../libDaisy/build/libdaisy.a(usbd_conf.o)
                0x0000000008006438                HAL_PCD_ResumeCallback
 .text.HAL_PCD_ISOOUTIncompleteCallback
                0x0000000008006440        0x8 ../../libDaisy/build/libdaisy.a(usbd_conf.o)
                0x0000000008006440                HAL_PCD_ISOOUTIncompleteCallback
 .text.HAL_PCD_ISOINIncompleteCallback
                0x0000000008006448        0x8 ../../libDaisy/build/libdaisy.a(usbd_conf.o)
                0x0000000008006448                HAL_PCD_ISOINIncompleteCallback
 .text.HAL_PCD_ConnectCallback
                0x0000000008006450        0x8 ../../libDaisy/build/libdaisy.a(usbd_conf.o)
                0x0000000008006450                HAL_PCD_ConnectCallback
 .text.HAL_PCD_DisconnectCallback
                0x0000000008006458        0x8 ../../libDaisy/build/libdaisy.a(usbd_conf.o)
                0x0000000008006458                HAL_PCD_DisconnectCallback
 .text.USBD_LL_Init
                0x0000000008006460       0xe4 ../../libDaisy/build/libdaisy.a(usbd_conf.o)
                0x0000000008006460                USBD_LL_Init
 .text.USBD_LL_Start
                0x0000000008006544       0x1c ../../libDaisy/build/libdaisy.a(usbd_conf.o)
                0x0000000008006544                USBD_LL_Start
 .text.USBD_LL_OpenEP
                0x0000000008006560       0x24 ../../libDaisy/build/libdaisy.a(usbd_conf.o)
                0x0000000008006560                USBD_LL_OpenEP
 .text.USBD_LL_CloseEP
                0x0000000008006584       0x1c ../../libDaisy/build/libdaisy.a(usbd_conf.o)
                0x0000000008006584                USBD_LL_CloseEP
 .text.USBD_LL_StallEP
                0x00000000080065a0       0x1c ../../libDaisy/build/libdaisy.a(usbd_conf.o)
                0x00000000080065a0                USBD_LL_StallEP
 .text.USBD_LL_ClearStallEP
                0x00000000080065bc       0x1c ../../libDaisy/build/libdaisy.a(usbd_conf.o)
                0x00000000080065bc                USBD_LL_ClearStallEP
 .text.USBD_LL_IsStallEP
                0x00000000080065d8       0x28 ../../libDaisy/build/libdaisy.a(usbd_conf.o)
                0x00000000080065d8                USBD_LL_IsStallEP
 .text.USBD_LL_SetUSBAddress
                0x0000000008006600       0x1c ../../libDaisy/build/libdaisy.a(usbd_conf.o)
                0x0000000008006600                USBD_LL_SetUSBAddress
 .text.USBD_LL_Transmit
                0x000000000800661c       0x1c ../../libDaisy/build/libdaisy.a(usbd_conf.o)
                0x000000000800661c                USBD_LL_Transmit
 .text.USBD_LL_PrepareReceive
                0x0000000008006638       0x1c ../../libDaisy/build/libdaisy.a(usbd_conf.o)
                0x0000000008006638                USBD_LL_PrepareReceive
 .text.USBD_LL_GetRxDataSize
                0x0000000008006654        0x8 ../../libDaisy/build/libdaisy.a(usbd_conf.o)
                0x0000000008006654                USBD_LL_GetRxDataSize
 .text.HAL_HCD_SOF_Callback
                0x000000000800665c        0x8 ../../libDaisy/build/libdaisy.a(usbh_conf.o)
                0x000000000800665c                HAL_HCD_SOF_Callback
 .text.HAL_HCD_Connect_Callback
                0x0000000008006664        0x8 ../../libDaisy/build/libdaisy.a(usbh_conf.o)
                0x0000000008006664                HAL_HCD_Connect_Callback
 .text.HAL_HCD_Disconnect_Callback
                0x000000000800666c        0x8 ../../libDaisy/build/libdaisy.a(usbh_conf.o)
                0x000000000800666c                HAL_HCD_Disconnect_Callback
 .text.HAL_HCD_HC_NotifyURBChange_Callback
                0x0000000008006674        0x4 ../../libDaisy/build/libdaisy.a(usbh_conf.o)
                0x0000000008006674                HAL_HCD_HC_NotifyURBChange_Callback
 .text.HAL_HCD_PortEnabled_Callback
                0x0000000008006678        0x8 ../../libDaisy/build/libdaisy.a(usbh_conf.o)
                0x0000000008006678                HAL_HCD_PortEnabled_Callback
 .text.HAL_HCD_PortDisabled_Callback
                0x0000000008006680        0x8 ../../libDaisy/build/libdaisy.a(usbh_conf.o)
                0x0000000008006680                HAL_HCD_PortDisabled_Callback
 .text.USBH_LL_Stop
                0x0000000008006688       0x1c ../../libDaisy/build/libdaisy.a(usbh_conf.o)
                0x0000000008006688                USBH_LL_Stop
 .text._ZN5daisy5Color4InitENS0_11PresetColorE
                0x00000000080066a4       0x20 ../../libDaisy/build/libdaisy.a(color.o)
                0x00000000080066a4                daisy::Color::Init(daisy::Color::PresetColor)
 .text._ZN5daisy5Color4InitEfff
                0x00000000080066c4       0x10 ../../libDaisy/build/libdaisy.a(color.o)
                0x00000000080066c4                daisy::Color::Init(float, float, float)
 .text.dsy_hal_map_get_port
                0x00000000080066d4       0x10 ../../libDaisy/build/libdaisy.a(hal_map.o)
                0x00000000080066d4                dsy_hal_map_get_port
 .text.dsy_hal_map_get_pin
                0x00000000080066e4       0x10 ../../libDaisy/build/libdaisy.a(hal_map.o)
                0x00000000080066e4                dsy_hal_map_get_pin
 .text.dsy_hal_map_gpio_clk_enable
                0x00000000080066f4      0x150 ../../libDaisy/build/libdaisy.a(hal_map.o)
                0x00000000080066f4                dsy_hal_map_gpio_clk_enable
 .text.HAL_MspInit
                0x0000000008006844        0x4 ../../libDaisy/build/libdaisy.a(stm32h7xx_hal.o)
                0x0000000008006844                HAL_MspInit
 .text.HAL_InitTick
                0x0000000008006848       0x4c ../../libDaisy/build/libdaisy.a(stm32h7xx_hal.o)
                0x0000000008006848                HAL_InitTick
 .text.HAL_Init
                0x0000000008006894       0x60 ../../libDaisy/build/libdaisy.a(stm32h7xx_hal.o)
                0x0000000008006894                HAL_Init
 .text.HAL_IncTick
                0x00000000080068f4       0x18 ../../libDaisy/build/libdaisy.a(stm32h7xx_hal.o)
                0x00000000080068f4                HAL_IncTick
 .text.HAL_GetTick
                0x000000000800690c        0xc ../../libDaisy/build/libdaisy.a(stm32h7xx_hal.o)
                0x000000000800690c                HAL_GetTick
 .text.HAL_Delay
                0x0000000008006918       0x24 ../../libDaisy/build/libdaisy.a(stm32h7xx_hal.o)
                0x0000000008006918                HAL_Delay
 .text.HAL_GetREVID
                0x000000000800693c        0xc ../../libDaisy/build/libdaisy.a(stm32h7xx_hal.o)
                0x000000000800693c                HAL_GetREVID
 .text.HAL_ADC_ConvHalfCpltCallback
                0x0000000008006948        0x4 ../../libDaisy/build/libdaisy.a(stm32h7xx_hal_adc.o)
                0x0000000008006948                HAL_ADC_ConvHalfCpltCallback
 .text.ADC_DMAHalfConvCplt
                0x000000000800694c        0xc ../../libDaisy/build/libdaisy.a(stm32h7xx_hal_adc.o)
                0x000000000800694c                ADC_DMAHalfConvCplt
 .text.ADC_DMAConvCplt
                0x0000000008006958       0x6c ../../libDaisy/build/libdaisy.a(stm32h7xx_hal_adc.o)
                0x0000000008006958                ADC_DMAConvCplt
 .text.ADC_DMAError
                0x00000000080069c4       0x1c ../../libDaisy/build/libdaisy.a(stm32h7xx_hal_adc.o)
                0x00000000080069c4                ADC_DMAError
 .text.HAL_ADC_ConfigChannel
                0x00000000080069e0      0x3fc ../../libDaisy/build/libdaisy.a(stm32h7xx_hal_adc.o)
                0x00000000080069e0                HAL_ADC_ConfigChannel
 .text.ADC_Enable
                0x0000000008006ddc       0xac ../../libDaisy/build/libdaisy.a(stm32h7xx_hal_adc.o)
                0x0000000008006ddc                ADC_Enable
 .text.HAL_ADC_Start_DMA
                0x0000000008006e88      0x114 ../../libDaisy/build/libdaisy.a(stm32h7xx_hal_adc.o)
                0x0000000008006e88                HAL_ADC_Start_DMA
 .text.ADC_Disable
                0x0000000008006f9c       0x68 ../../libDaisy/build/libdaisy.a(stm32h7xx_hal_adc.o)
                0x0000000008006f9c                ADC_Disable
 .text.ADC_ConfigureBoostMode
                0x0000000008007004      0x184 ../../libDaisy/build/libdaisy.a(stm32h7xx_hal_adc.o)
                0x0000000008007004                ADC_ConfigureBoostMode
 .text.HAL_ADC_Init
                0x0000000008007188      0x218 ../../libDaisy/build/libdaisy.a(stm32h7xx_hal_adc.o)
                0x0000000008007188                HAL_ADC_Init
 .text.HAL_ADCEx_Calibration_Start
                0x00000000080073a0       0xa4 ../../libDaisy/build/libdaisy.a(stm32h7xx_hal_adc_ex.o)
                0x00000000080073a0                HAL_ADCEx_Calibration_Start
 .text.HAL_ADCEx_MultiModeConfigChannel
                0x0000000008007444       0xc4 ../../libDaisy/build/libdaisy.a(stm32h7xx_hal_adc_ex.o)
                0x0000000008007444                HAL_ADCEx_MultiModeConfigChannel
 .text.HAL_NVIC_SetPriorityGrouping
                0x0000000008007508       0x24 ../../libDaisy/build/libdaisy.a(stm32h7xx_hal_cortex.o)
                0x0000000008007508                HAL_NVIC_SetPriorityGrouping
 .text.HAL_NVIC_SetPriority
                0x000000000800752c       0x7c ../../libDaisy/build/libdaisy.a(stm32h7xx_hal_cortex.o)
                0x000000000800752c                HAL_NVIC_SetPriority
 .text.HAL_NVIC_EnableIRQ
                0x00000000080075a8       0x1c ../../libDaisy/build/libdaisy.a(stm32h7xx_hal_cortex.o)
                0x00000000080075a8                HAL_NVIC_EnableIRQ
 .text.HAL_NVIC_DisableIRQ
                0x00000000080075c4       0x28 ../../libDaisy/build/libdaisy.a(stm32h7xx_hal_cortex.o)
                0x00000000080075c4                HAL_NVIC_DisableIRQ
 .text.HAL_SYSTICK_Config
                0x00000000080075ec       0x2c ../../libDaisy/build/libdaisy.a(stm32h7xx_hal_cortex.o)
                0x00000000080075ec                HAL_SYSTICK_Config
 .text.HAL_MPU_Disable
                0x0000000008007618       0x1c ../../libDaisy/build/libdaisy.a(stm32h7xx_hal_cortex.o)
                0x0000000008007618                HAL_MPU_Disable
 .text.HAL_MPU_Enable
                0x0000000008007634       0x20 ../../libDaisy/build/libdaisy.a(stm32h7xx_hal_cortex.o)
                0x0000000008007634                HAL_MPU_Enable
 .text.HAL_MPU_ConfigRegion
                0x0000000008007654       0x64 ../../libDaisy/build/libdaisy.a(stm32h7xx_hal_cortex.o)
                0x0000000008007654                HAL_MPU_ConfigRegion
 .text.HAL_SYSTICK_Callback
                0x00000000080076b8        0x4 ../../libDaisy/build/libdaisy.a(stm32h7xx_hal_cortex.o)
                0x00000000080076b8                HAL_SYSTICK_Callback
 .text.HAL_SYSTICK_IRQHandler
                0x00000000080076bc        0x8 ../../libDaisy/build/libdaisy.a(stm32h7xx_hal_cortex.o)
                0x00000000080076bc                HAL_SYSTICK_IRQHandler
 .text.DMA_CalcBaseAndBitshift
                0x00000000080076c4       0xf4 ../../libDaisy/build/libdaisy.a(stm32h7xx_hal_dma.o)
 .text.DMA_CalcDMAMUXChannelBaseAndMask
                0x00000000080077b8       0xd8 ../../libDaisy/build/libdaisy.a(stm32h7xx_hal_dma.o)
 .text.HAL_DMA_Init
                0x0000000008007890      0x37c ../../libDaisy/build/libdaisy.a(stm32h7xx_hal_dma.o)
                0x0000000008007890                HAL_DMA_Init
 .text.HAL_DMA_Start_IT
                0x0000000008007c0c      0x240 ../../libDaisy/build/libdaisy.a(stm32h7xx_hal_dma.o)
                0x0000000008007c0c                HAL_DMA_Start_IT
 .text.HAL_DMA_Abort_IT
                0x0000000008007e4c      0x134 ../../libDaisy/build/libdaisy.a(stm32h7xx_hal_dma.o)
                0x0000000008007e4c                HAL_DMA_Abort_IT
 .text.HAL_DMA_IRQHandler
                0x0000000008007f80      0x6a0 ../../libDaisy/build/libdaisy.a(stm32h7xx_hal_dma.o)
                0x0000000008007f80                HAL_DMA_IRQHandler
 .text.HAL_DMA_GetError
                0x0000000008008620        0x4 ../../libDaisy/build/libdaisy.a(stm32h7xx_hal_dma.o)
                0x0000000008008620                HAL_DMA_GetError
 .text.HAL_GPIO_Init
                0x0000000008008624      0x280 ../../libDaisy/build/libdaisy.a(stm32h7xx_hal_gpio.o)
                0x0000000008008624                HAL_GPIO_Init
 .text.HAL_GPIO_DeInit
                0x00000000080088a4      0x190 ../../libDaisy/build/libdaisy.a(stm32h7xx_hal_gpio.o)
                0x00000000080088a4                HAL_GPIO_DeInit
 .text.HAL_GPIO_ReadPin
                0x0000000008008a34        0xc ../../libDaisy/build/libdaisy.a(stm32h7xx_hal_gpio.o)
                0x0000000008008a34                HAL_GPIO_ReadPin
 .text.HAL_GPIO_WritePin
                0x0000000008008a40        0x8 ../../libDaisy/build/libdaisy.a(stm32h7xx_hal_gpio.o)
                0x0000000008008a40                HAL_GPIO_WritePin
 .text.HAL_HCD_IRQHandler
                0x0000000008008a48      0x780 ../../libDaisy/build/libdaisy.a(stm32h7xx_hal_hcd.o)
                0x0000000008008a48                HAL_HCD_IRQHandler
 .text.HAL_HCD_Stop
                0x00000000080091c8       0x28 ../../libDaisy/build/libdaisy.a(stm32h7xx_hal_hcd.o)
                0x00000000080091c8                HAL_HCD_Stop
 .text.I2C_WaitOnTXISFlagUntilTimeout
                0x00000000080091f0       0xb8 ../../libDaisy/build/libdaisy.a(stm32h7xx_hal_i2c.o)
 .text.I2C_WaitOnSTOPFlagUntilTimeout
                0x00000000080092a8       0xac ../../libDaisy/build/libdaisy.a(stm32h7xx_hal_i2c.o)
 .text.HAL_I2C_Init
                0x0000000008009354       0xac ../../libDaisy/build/libdaisy.a(stm32h7xx_hal_i2c.o)
                0x0000000008009354                HAL_I2C_Init
 .text.HAL_I2C_Master_Transmit
                0x0000000008009400      0x1a8 ../../libDaisy/build/libdaisy.a(stm32h7xx_hal_i2c.o)
                0x0000000008009400                HAL_I2C_Master_Transmit
 .text.HAL_I2C_Slave_Transmit
                0x00000000080095a8      0x1c8 ../../libDaisy/build/libdaisy.a(stm32h7xx_hal_i2c.o)
                0x00000000080095a8                HAL_I2C_Slave_Transmit
 .text.HAL_I2C_EV_IRQHandler
                0x0000000008009770       0x10 ../../libDaisy/build/libdaisy.a(stm32h7xx_hal_i2c.o)
                0x0000000008009770                HAL_I2C_EV_IRQHandler
 .text.HAL_I2C_GetState
                0x0000000008009780        0x8 ../../libDaisy/build/libdaisy.a(stm32h7xx_hal_i2c.o)
                0x0000000008009780                HAL_I2C_GetState
 .text.HAL_I2CEx_ConfigAnalogFilter
                0x0000000008009788       0x54 ../../libDaisy/build/libdaisy.a(stm32h7xx_hal_i2c_ex.o)
                0x0000000008009788                HAL_I2CEx_ConfigAnalogFilter
 .text.HAL_I2CEx_ConfigDigitalFilter
                0x00000000080097dc       0x58 ../../libDaisy/build/libdaisy.a(stm32h7xx_hal_i2c_ex.o)
                0x00000000080097dc                HAL_I2CEx_ConfigDigitalFilter
 .text.HAL_PCD_Init
                0x0000000008009834      0x12c ../../libDaisy/build/libdaisy.a(stm32h7xx_hal_pcd.o)
                0x0000000008009834                HAL_PCD_Init
 .text.HAL_PCD_Start
                0x0000000008009960       0x44 ../../libDaisy/build/libdaisy.a(stm32h7xx_hal_pcd.o)
                0x0000000008009960                HAL_PCD_Start
 .text.HAL_PCD_IRQHandler
                0x00000000080099a4      0x69c ../../libDaisy/build/libdaisy.a(stm32h7xx_hal_pcd.o)
                0x00000000080099a4                HAL_PCD_IRQHandler
 .text.HAL_PCD_SetAddress
                0x000000000800a040       0x2c ../../libDaisy/build/libdaisy.a(stm32h7xx_hal_pcd.o)
                0x000000000800a040                HAL_PCD_SetAddress
 .text.HAL_PCD_EP_Open
                0x000000000800a06c       0x7c ../../libDaisy/build/libdaisy.a(stm32h7xx_hal_pcd.o)
                0x000000000800a06c                HAL_PCD_EP_Open
 .text.HAL_PCD_EP_Close
                0x000000000800a0e8       0x6c ../../libDaisy/build/libdaisy.a(stm32h7xx_hal_pcd.o)
                0x000000000800a0e8                HAL_PCD_EP_Close
 .text.HAL_PCD_EP_Receive
                0x000000000800a154       0x50 ../../libDaisy/build/libdaisy.a(stm32h7xx_hal_pcd.o)
                0x000000000800a154                HAL_PCD_EP_Receive
 .text.HAL_PCD_EP_GetRxCount
                0x000000000800a1a4       0x14 ../../libDaisy/build/libdaisy.a(stm32h7xx_hal_pcd.o)
                0x000000000800a1a4                HAL_PCD_EP_GetRxCount
 .text.HAL_PCD_EP_Transmit
                0x000000000800a1b8       0x50 ../../libDaisy/build/libdaisy.a(stm32h7xx_hal_pcd.o)
                0x000000000800a1b8                HAL_PCD_EP_Transmit
 .text.HAL_PCD_EP_SetStall
                0x000000000800a208       0x88 ../../libDaisy/build/libdaisy.a(stm32h7xx_hal_pcd.o)
                0x000000000800a208                HAL_PCD_EP_SetStall
 .text.HAL_PCD_EP_ClrStall
                0x000000000800a290       0x78 ../../libDaisy/build/libdaisy.a(stm32h7xx_hal_pcd.o)
                0x000000000800a290                HAL_PCD_EP_ClrStall
 .text.HAL_PCDEx_SetTxFiFo
                0x000000000800a308       0x54 ../../libDaisy/build/libdaisy.a(stm32h7xx_hal_pcd_ex.o)
                0x000000000800a308                HAL_PCDEx_SetTxFiFo
 .text.HAL_PCDEx_SetRxFiFo
                0x000000000800a35c        0xc ../../libDaisy/build/libdaisy.a(stm32h7xx_hal_pcd_ex.o)
                0x000000000800a35c                HAL_PCDEx_SetRxFiFo
 .text.HAL_PCDEx_ActivateLPM
                0x000000000800a368       0x30 ../../libDaisy/build/libdaisy.a(stm32h7xx_hal_pcd_ex.o)
                0x000000000800a368                HAL_PCDEx_ActivateLPM
 .text.HAL_PCDEx_LPM_Callback
                0x000000000800a398        0x4 ../../libDaisy/build/libdaisy.a(stm32h7xx_hal_pcd_ex.o)
                0x000000000800a398                HAL_PCDEx_LPM_Callback
 .text.HAL_PWREx_ConfigSupply
                0x000000000800a39c       0x4c ../../libDaisy/build/libdaisy.a(stm32h7xx_hal_pwr_ex.o)
                0x000000000800a39c                HAL_PWREx_ConfigSupply
 .text.HAL_PWREx_EnableUSBVoltageDetector
                0x000000000800a3e8       0x10 ../../libDaisy/build/libdaisy.a(stm32h7xx_hal_pwr_ex.o)
                0x000000000800a3e8                HAL_PWREx_EnableUSBVoltageDetector
 .text.QSPI_Config
                0x000000000800a3f8      0x174 ../../libDaisy/build/libdaisy.a(stm32h7xx_hal_qspi.o)
 .text.HAL_QSPI_Init
                0x000000000800a56c       0xd8 ../../libDaisy/build/libdaisy.a(stm32h7xx_hal_qspi.o)
                0x000000000800a56c                HAL_QSPI_Init
 .text.HAL_QSPI_DeInit
                0x000000000800a644       0x3c ../../libDaisy/build/libdaisy.a(stm32h7xx_hal_qspi.o)
                0x000000000800a644                HAL_QSPI_DeInit
 .text.HAL_QSPI_Command
                0x000000000800a680       0xd4 ../../libDaisy/build/libdaisy.a(stm32h7xx_hal_qspi.o)
                0x000000000800a680                HAL_QSPI_Command
 .text.HAL_QSPI_Transmit
                0x000000000800a754       0xfc ../../libDaisy/build/libdaisy.a(stm32h7xx_hal_qspi.o)
                0x000000000800a754                HAL_QSPI_Transmit
 .text.HAL_QSPI_Receive
                0x000000000800a850      0x108 ../../libDaisy/build/libdaisy.a(stm32h7xx_hal_qspi.o)
                0x000000000800a850                HAL_QSPI_Receive
 .text.HAL_QSPI_AutoPolling
                0x000000000800a958       0xf0 ../../libDaisy/build/libdaisy.a(stm32h7xx_hal_qspi.o)
                0x000000000800a958                HAL_QSPI_AutoPolling
 .text.HAL_QSPI_MemoryMapped
                0x000000000800aa48       0xc0 ../../libDaisy/build/libdaisy.a(stm32h7xx_hal_qspi.o)
                0x000000000800aa48                HAL_QSPI_MemoryMapped
 .text.HAL_QSPI_ErrorCallback
                0x000000000800ab08        0x4 ../../libDaisy/build/libdaisy.a(stm32h7xx_hal_qspi.o)
                0x000000000800ab08                HAL_QSPI_ErrorCallback
 .text.QSPI_DMAAbortCplt
                0x000000000800ab0c       0x38 ../../libDaisy/build/libdaisy.a(stm32h7xx_hal_qspi.o)
 .text.HAL_QSPI_AbortCpltCallback
                0x000000000800ab44        0x4 ../../libDaisy/build/libdaisy.a(stm32h7xx_hal_qspi.o)
                0x000000000800ab44                HAL_QSPI_AbortCpltCallback
 .text.HAL_QSPI_CmdCpltCallback
                0x000000000800ab48        0x4 ../../libDaisy/build/libdaisy.a(stm32h7xx_hal_qspi.o)
                0x000000000800ab48                HAL_QSPI_CmdCpltCallback
 .text.HAL_QSPI_RxCpltCallback
                0x000000000800ab4c        0x4 ../../libDaisy/build/libdaisy.a(stm32h7xx_hal_qspi.o)
                0x000000000800ab4c                HAL_QSPI_RxCpltCallback
 .text.HAL_QSPI_TxCpltCallback
                0x000000000800ab50        0x4 ../../libDaisy/build/libdaisy.a(stm32h7xx_hal_qspi.o)
                0x000000000800ab50                HAL_QSPI_TxCpltCallback
 .text.HAL_QSPI_FifoThresholdCallback
                0x000000000800ab54        0x4 ../../libDaisy/build/libdaisy.a(stm32h7xx_hal_qspi.o)
                0x000000000800ab54                HAL_QSPI_FifoThresholdCallback
 .text.HAL_QSPI_StatusMatchCallback
                0x000000000800ab58        0x4 ../../libDaisy/build/libdaisy.a(stm32h7xx_hal_qspi.o)
                0x000000000800ab58                HAL_QSPI_StatusMatchCallback
 .text.HAL_QSPI_TimeOutCallback
                0x000000000800ab5c        0x4 ../../libDaisy/build/libdaisy.a(stm32h7xx_hal_qspi.o)
                0x000000000800ab5c                HAL_QSPI_TimeOutCallback
 .text.HAL_QSPI_IRQHandler
                0x000000000800ab60      0x210 ../../libDaisy/build/libdaisy.a(stm32h7xx_hal_qspi.o)
                0x000000000800ab60                HAL_QSPI_IRQHandler
 .text.HAL_RCC_OscConfig
                0x000000000800ad70      0x51c ../../libDaisy/build/libdaisy.a(stm32h7xx_hal_rcc.o)
                0x000000000800ad70                HAL_RCC_OscConfig
 .text.HAL_RCC_GetSysClockFreq
                0x000000000800b28c      0x140 ../../libDaisy/build/libdaisy.a(stm32h7xx_hal_rcc.o)
                0x000000000800b28c                HAL_RCC_GetSysClockFreq
 .text.HAL_RCC_ClockConfig
                0x000000000800b3cc      0x234 ../../libDaisy/build/libdaisy.a(stm32h7xx_hal_rcc.o)
                0x000000000800b3cc                HAL_RCC_ClockConfig
 .text.HAL_RCC_GetHCLKFreq
                0x000000000800b600       0x2c ../../libDaisy/build/libdaisy.a(stm32h7xx_hal_rcc.o)
                0x000000000800b600                HAL_RCC_GetHCLKFreq
 .text.HAL_RCC_GetPCLK1Freq
                0x000000000800b62c       0x38 ../../libDaisy/build/libdaisy.a(stm32h7xx_hal_rcc.o)
                0x000000000800b62c                HAL_RCC_GetPCLK1Freq
 .text.HAL_RCC_GetPCLK2Freq
                0x000000000800b664       0x38 ../../libDaisy/build/libdaisy.a(stm32h7xx_hal_rcc.o)
                0x000000000800b664                HAL_RCC_GetPCLK2Freq
 .text.RCCEx_PLL2_Config
                0x000000000800b69c       0xf4 ../../libDaisy/build/libdaisy.a(stm32h7xx_hal_rcc_ex.o)
 .text.RCCEx_PLL3_Config
                0x000000000800b790       0xf4 ../../libDaisy/build/libdaisy.a(stm32h7xx_hal_rcc_ex.o)
 .text.HAL_RCCEx_PeriphCLKConfig
                0x000000000800b884      0xa7c ../../libDaisy/build/libdaisy.a(stm32h7xx_hal_rcc_ex.o)
                0x000000000800b884                HAL_RCCEx_PeriphCLKConfig
 .text.HAL_RCCEx_GetD3PCLK1Freq
                0x000000000800c300       0x24 ../../libDaisy/build/libdaisy.a(stm32h7xx_hal_rcc_ex.o)
                0x000000000800c300                HAL_RCCEx_GetD3PCLK1Freq
 .text.HAL_RCCEx_GetPLL2ClockFreq
                0x000000000800c324      0x17c ../../libDaisy/build/libdaisy.a(stm32h7xx_hal_rcc_ex.o)
                0x000000000800c324                HAL_RCCEx_GetPLL2ClockFreq
 .text.HAL_RCCEx_GetPLL3ClockFreq
                0x000000000800c4a0      0x17c ../../libDaisy/build/libdaisy.a(stm32h7xx_hal_rcc_ex.o)
                0x000000000800c4a0                HAL_RCCEx_GetPLL3ClockFreq
 .text.HAL_RCCEx_GetPLL1ClockFreq
                0x000000000800c61c      0x17c ../../libDaisy/build/libdaisy.a(stm32h7xx_hal_rcc_ex.o)
                0x000000000800c61c                HAL_RCCEx_GetPLL1ClockFreq
 .text.HAL_RCCEx_GetPeriphCLKFreq
                0x000000000800c798      0x198 ../../libDaisy/build/libdaisy.a(stm32h7xx_hal_rcc_ex.o)
                0x000000000800c798                HAL_RCCEx_GetPeriphCLKFreq
 .text.HAL_RCCEx_GetD1SysClockFreq
                0x000000000800c930       0x2c ../../libDaisy/build/libdaisy.a(stm32h7xx_hal_rcc_ex.o)
                0x000000000800c930                HAL_RCCEx_GetD1SysClockFreq
 .text.HAL_SAI_Init.part.0
                0x000000000800c95c      0x348 ../../libDaisy/build/libdaisy.a(stm32h7xx_hal_sai.o)
 .text.HAL_SAI_InitProtocol
                0x000000000800cca4      0x178 ../../libDaisy/build/libdaisy.a(stm32h7xx_hal_sai.o)
                0x000000000800cca4                HAL_SAI_InitProtocol
 .text.HAL_SAI_Transmit_DMA
                0x000000000800ce1c      0x124 ../../libDaisy/build/libdaisy.a(stm32h7xx_hal_sai.o)
                0x000000000800ce1c                HAL_SAI_Transmit_DMA
 .text.HAL_SAI_Receive_DMA
                0x000000000800cf40       0xd0 ../../libDaisy/build/libdaisy.a(stm32h7xx_hal_sai.o)
                0x000000000800cf40                HAL_SAI_Receive_DMA
 .text.HAL_SAI_TxCpltCallback
                0x000000000800d010        0x4 ../../libDaisy/build/libdaisy.a(stm32h7xx_hal_sai.o)
                0x000000000800d010                HAL_SAI_TxCpltCallback
 .text.SAI_DMATxCplt
                0x000000000800d014       0x64 ../../libDaisy/build/libdaisy.a(stm32h7xx_hal_sai.o)
 .text.HAL_SAI_TxHalfCpltCallback
                0x000000000800d078        0x4 ../../libDaisy/build/libdaisy.a(stm32h7xx_hal_sai.o)
                0x000000000800d078                HAL_SAI_TxHalfCpltCallback
 .text.SAI_DMATxHalfCplt
                0x000000000800d07c        0xc ../../libDaisy/build/libdaisy.a(stm32h7xx_hal_sai.o)
 .text.SAI_DMARxCplt
                0x000000000800d088       0x64 ../../libDaisy/build/libdaisy.a(stm32h7xx_hal_sai.o)
 .text.SAI_DMARxHalfCplt
                0x000000000800d0ec        0xc ../../libDaisy/build/libdaisy.a(stm32h7xx_hal_sai.o)
 .text.HAL_SAI_ErrorCallback
                0x000000000800d0f8        0x4 ../../libDaisy/build/libdaisy.a(stm32h7xx_hal_sai.o)
                0x000000000800d0f8                HAL_SAI_ErrorCallback
 .text.SAI_DMAError
                0x000000000800d0fc       0x6c ../../libDaisy/build/libdaisy.a(stm32h7xx_hal_sai.o)
 .text.HAL_SDRAM_Init
                0x000000000800d168       0x54 ../../libDaisy/build/libdaisy.a(stm32h7xx_hal_sdram.o)
                0x000000000800d168                HAL_SDRAM_Init
 .text.HAL_SDRAM_SendCommand
                0x000000000800d1bc       0x40 ../../libDaisy/build/libdaisy.a(stm32h7xx_hal_sdram.o)
                0x000000000800d1bc                HAL_SDRAM_SendCommand
 .text.HAL_SDRAM_ProgramRefreshRate
                0x000000000800d1fc       0x30 ../../libDaisy/build/libdaisy.a(stm32h7xx_hal_sdram.o)
                0x000000000800d1fc                HAL_SDRAM_ProgramRefreshRate
 .text.HAL_UART_Transmit_DMA
                0x000000000800d22c       0xa4 ../../libDaisy/build/libdaisy.a(stm32h7xx_hal_uart.o)
                0x000000000800d22c                HAL_UART_Transmit_DMA
 .text.HAL_UART_Receive_DMA
                0x000000000800d2d0       0xac ../../libDaisy/build/libdaisy.a(stm32h7xx_hal_uart.o)
                0x000000000800d2d0                HAL_UART_Receive_DMA
 .text.UART_DMATransmitCplt
                0x000000000800d37c       0x2c ../../libDaisy/build/libdaisy.a(stm32h7xx_hal_uart.o)
 .text.HAL_UART_TxHalfCpltCallback
                0x000000000800d3a8        0x4 ../../libDaisy/build/libdaisy.a(stm32h7xx_hal_uart.o)
                0x000000000800d3a8                HAL_UART_TxHalfCpltCallback
 .text.UART_DMATxHalfCplt
                0x000000000800d3ac        0xc ../../libDaisy/build/libdaisy.a(stm32h7xx_hal_uart.o)
 .text.UART_DMAReceiveCplt
                0x000000000800d3b8       0x38 ../../libDaisy/build/libdaisy.a(stm32h7xx_hal_uart.o)
 .text.HAL_UART_RxHalfCpltCallback
                0x000000000800d3f0        0x4 ../../libDaisy/build/libdaisy.a(stm32h7xx_hal_uart.o)
                0x000000000800d3f0                HAL_UART_RxHalfCpltCallback
 .text.UART_DMARxHalfCplt
                0x000000000800d3f4        0xc ../../libDaisy/build/libdaisy.a(stm32h7xx_hal_uart.o)
 .text.UART_DMAError
                0x000000000800d400       0x78 ../../libDaisy/build/libdaisy.a(stm32h7xx_hal_uart.o)
 .text.HAL_UART_IRQHandler
                0x000000000800d478      0x1d0 ../../libDaisy/build/libdaisy.a(stm32h7xx_hal_uart.o)
                0x000000000800d478                HAL_UART_IRQHandler
 .text.UART_DMAAbortOnError
                0x000000000800d648       0x14 ../../libDaisy/build/libdaisy.a(stm32h7xx_hal_uart.o)
 .text.HAL_UART_GetState
                0x000000000800d65c        0xc ../../libDaisy/build/libdaisy.a(stm32h7xx_hal_uart.o)
                0x000000000800d65c                HAL_UART_GetState
 .text.UART_SetConfig
                0x000000000800d668     0x14b8 ../../libDaisy/build/libdaisy.a(stm32h7xx_hal_uart.o)
                0x000000000800d668                UART_SetConfig
 .text.UART_AdvFeatureConfig
                0x000000000800eb20       0xb0 ../../libDaisy/build/libdaisy.a(stm32h7xx_hal_uart.o)
                0x000000000800eb20                UART_AdvFeatureConfig
 .text.UART_CheckIdleState
                0x000000000800ebd0       0x84 ../../libDaisy/build/libdaisy.a(stm32h7xx_hal_uart.o)
                0x000000000800ebd0                UART_CheckIdleState
 .text.HAL_UART_Init
                0x000000000800ec54       0x68 ../../libDaisy/build/libdaisy.a(stm32h7xx_hal_uart.o)
                0x000000000800ec54                HAL_UART_Init
 .text.HAL_UARTEx_WakeupCallback
                0x000000000800ecbc        0x4 ../../libDaisy/build/libdaisy.a(stm32h7xx_hal_uart_ex.o)
                0x000000000800ecbc                HAL_UARTEx_WakeupCallback
 .text.HAL_UARTEx_RxFifoFullCallback
                0x000000000800ecc0        0x4 ../../libDaisy/build/libdaisy.a(stm32h7xx_hal_uart_ex.o)
                0x000000000800ecc0                HAL_UARTEx_RxFifoFullCallback
 .text.HAL_UARTEx_TxFifoEmptyCallback
                0x000000000800ecc4        0x4 ../../libDaisy/build/libdaisy.a(stm32h7xx_hal_uart_ex.o)
                0x000000000800ecc4                HAL_UARTEx_TxFifoEmptyCallback
 .text.HAL_UARTEx_DisableFifoMode
                0x000000000800ecc8       0x3c ../../libDaisy/build/libdaisy.a(stm32h7xx_hal_uart_ex.o)
                0x000000000800ecc8                HAL_UARTEx_DisableFifoMode
 .text.HAL_UARTEx_SetTxFifoThreshold
                0x000000000800ed04       0xa4 ../../libDaisy/build/libdaisy.a(stm32h7xx_hal_uart_ex.o)
                0x000000000800ed04                HAL_UARTEx_SetTxFifoThreshold
 .text.HAL_UARTEx_SetRxFifoThreshold
                0x000000000800eda8       0xa4 ../../libDaisy/build/libdaisy.a(stm32h7xx_hal_uart_ex.o)
                0x000000000800eda8                HAL_UARTEx_SetRxFifoThreshold
 .text.FMC_SDRAM_Init
                0x000000000800ee4c       0x7c ../../libDaisy/build/libdaisy.a(stm32h7xx_ll_fmc.o)
                0x000000000800ee4c                FMC_SDRAM_Init
 .text.FMC_SDRAM_Timing_Init
                0x000000000800eec8       0x98 ../../libDaisy/build/libdaisy.a(stm32h7xx_ll_fmc.o)
                0x000000000800eec8                FMC_SDRAM_Timing_Init
 .text.FMC_SDRAM_SendCommand
                0x000000000800ef60       0x28 ../../libDaisy/build/libdaisy.a(stm32h7xx_ll_fmc.o)
                0x000000000800ef60                FMC_SDRAM_SendCommand
 .text.FMC_SDRAM_ProgramRefreshRate
                0x000000000800ef88       0x1c ../../libDaisy/build/libdaisy.a(stm32h7xx_ll_fmc.o)
                0x000000000800ef88                FMC_SDRAM_ProgramRefreshRate
 .text.USB_CoreInit
                0x000000000800efa4      0x124 ../../libDaisy/build/libdaisy.a(stm32h7xx_ll_usb.o)
                0x000000000800efa4                USB_CoreInit
 .text.USB_SetTurnaroundTime
                0x000000000800f0c8      0x104 ../../libDaisy/build/libdaisy.a(stm32h7xx_ll_usb.o)
                0x000000000800f0c8                USB_SetTurnaroundTime
 .text.USB_EnableGlobalInt
                0x000000000800f1cc       0x10 ../../libDaisy/build/libdaisy.a(stm32h7xx_ll_usb.o)
                0x000000000800f1cc                USB_EnableGlobalInt
 .text.USB_DisableGlobalInt
                0x000000000800f1dc       0x10 ../../libDaisy/build/libdaisy.a(stm32h7xx_ll_usb.o)
                0x000000000800f1dc                USB_DisableGlobalInt
 .text.USB_SetCurrentMode
                0x000000000800f1ec       0x30 ../../libDaisy/build/libdaisy.a(stm32h7xx_ll_usb.o)
                0x000000000800f1ec                USB_SetCurrentMode
 .text.USB_DevInit
                0x000000000800f21c      0x20c ../../libDaisy/build/libdaisy.a(stm32h7xx_ll_usb.o)
                0x000000000800f21c                USB_DevInit
 .text.USB_FlushTxFifo
                0x000000000800f428       0x34 ../../libDaisy/build/libdaisy.a(stm32h7xx_ll_usb.o)
                0x000000000800f428                USB_FlushTxFifo
 .text.USB_GetDevSpeed
                0x000000000800f45c       0x24 ../../libDaisy/build/libdaisy.a(stm32h7xx_ll_usb.o)
                0x000000000800f45c                USB_GetDevSpeed
 .text.USB_ActivateEndpoint
                0x000000000800f480       0x90 ../../libDaisy/build/libdaisy.a(stm32h7xx_ll_usb.o)
                0x000000000800f480                USB_ActivateEndpoint
 .text.USB_DeactivateEndpoint
                0x000000000800f510       0x84 ../../libDaisy/build/libdaisy.a(stm32h7xx_ll_usb.o)
                0x000000000800f510                USB_DeactivateEndpoint
 .text.USB_EPStartXfer
                0x000000000800f594      0x230 ../../libDaisy/build/libdaisy.a(stm32h7xx_ll_usb.o)
                0x000000000800f594                USB_EPStartXfer
 .text.USB_EP0StartXfer
                0x000000000800f7c4      0x174 ../../libDaisy/build/libdaisy.a(stm32h7xx_ll_usb.o)
                0x000000000800f7c4                USB_EP0StartXfer
 .text.USB_WritePacket
                0x000000000800f938       0x2c ../../libDaisy/build/libdaisy.a(stm32h7xx_ll_usb.o)
                0x000000000800f938                USB_WritePacket
 .text.USB_ReadPacket
                0x000000000800f964       0x20 ../../libDaisy/build/libdaisy.a(stm32h7xx_ll_usb.o)
                0x000000000800f964                USB_ReadPacket
 .text.USB_EPSetStall
                0x000000000800f984       0x68 ../../libDaisy/build/libdaisy.a(stm32h7xx_ll_usb.o)
                0x000000000800f984                USB_EPSetStall
 .text.USB_EPClearStall
                0x000000000800f9ec       0x58 ../../libDaisy/build/libdaisy.a(stm32h7xx_ll_usb.o)
                0x000000000800f9ec                USB_EPClearStall
 .text.USB_SetDevAddress
                0x000000000800fa44       0x24 ../../libDaisy/build/libdaisy.a(stm32h7xx_ll_usb.o)
                0x000000000800fa44                USB_SetDevAddress
 .text.USB_DevConnect
                0x000000000800fa68       0x1c ../../libDaisy/build/libdaisy.a(stm32h7xx_ll_usb.o)
                0x000000000800fa68                USB_DevConnect
 .text.USB_DevDisconnect
                0x000000000800fa84       0x1c ../../libDaisy/build/libdaisy.a(stm32h7xx_ll_usb.o)
                0x000000000800fa84                USB_DevDisconnect
 .text.USB_ReadInterrupts
                0x000000000800faa0       0x14 ../../libDaisy/build/libdaisy.a(stm32h7xx_ll_usb.o)
                0x000000000800faa0                USB_ReadInterrupts
 .text.USB_ReadDevAllOutEpInterrupt
                0x000000000800fab4       0x1c ../../libDaisy/build/libdaisy.a(stm32h7xx_ll_usb.o)
                0x000000000800fab4                USB_ReadDevAllOutEpInterrupt
 .text.USB_ReadDevAllInEpInterrupt
                0x000000000800fad0       0x1c ../../libDaisy/build/libdaisy.a(stm32h7xx_ll_usb.o)
                0x000000000800fad0                USB_ReadDevAllInEpInterrupt
 .text.USB_ReadDevOutEPInterrupt
                0x000000000800faec       0x1c ../../libDaisy/build/libdaisy.a(stm32h7xx_ll_usb.o)
                0x000000000800faec                USB_ReadDevOutEPInterrupt
 .text.USB_ReadDevInEPInterrupt
                0x000000000800fb08       0x38 ../../libDaisy/build/libdaisy.a(stm32h7xx_ll_usb.o)
                0x000000000800fb08                USB_ReadDevInEPInterrupt
 .text.USB_GetMode
                0x000000000800fb40        0x8 ../../libDaisy/build/libdaisy.a(stm32h7xx_ll_usb.o)
                0x000000000800fb40                USB_GetMode
 .text.USB_ActivateSetup
                0x000000000800fb48       0x38 ../../libDaisy/build/libdaisy.a(stm32h7xx_ll_usb.o)
                0x000000000800fb48                USB_ActivateSetup
 .text.USB_EP0_OutStart
                0x000000000800fb80       0x58 ../../libDaisy/build/libdaisy.a(stm32h7xx_ll_usb.o)
                0x000000000800fb80                USB_EP0_OutStart
 .text.USB_InitFSLSPClkSel
                0x000000000800fbd8       0x44 ../../libDaisy/build/libdaisy.a(stm32h7xx_ll_usb.o)
                0x000000000800fbd8                USB_InitFSLSPClkSel
 .text.USB_HC_ReadInterrupt
                0x000000000800fc1c        0x8 ../../libDaisy/build/libdaisy.a(stm32h7xx_ll_usb.o)
                0x000000000800fc1c                USB_HC_ReadInterrupt
 .text.USB_HC_Halt
                0x000000000800fc24       0xc0 ../../libDaisy/build/libdaisy.a(stm32h7xx_ll_usb.o)
                0x000000000800fc24                USB_HC_Halt
 .text.USB_StopHost
                0x000000000800fce4      0x2ec ../../libDaisy/build/libdaisy.a(stm32h7xx_ll_usb.o)
                0x000000000800fce4                USB_StopHost
 .text.USBD_Init
                0x000000000800ffd0       0x44 ../../libDaisy/build/libdaisy.a(usbd_core.o)
                0x000000000800ffd0                USBD_Init
 .text.USBD_RegisterClass
                0x0000000008010014       0x2c ../../libDaisy/build/libdaisy.a(usbd_core.o)
                0x0000000008010014                USBD_RegisterClass
 .text.USBD_Start
                0x0000000008010040        0xc ../../libDaisy/build/libdaisy.a(usbd_core.o)
                0x0000000008010040                USBD_Start
 .text.USBD_SetClassConfig
                0x000000000801004c       0x14 ../../libDaisy/build/libdaisy.a(usbd_core.o)
                0x000000000801004c                USBD_SetClassConfig
 .text.USBD_ClrClassConfig
                0x0000000008010060       0x10 ../../libDaisy/build/libdaisy.a(usbd_core.o)
                0x0000000008010060                USBD_ClrClassConfig
 .text.USBD_LL_SetupStage
                0x0000000008010070       0x5c ../../libDaisy/build/libdaisy.a(usbd_core.o)
                0x0000000008010070                USBD_LL_SetupStage
 .text.USBD_LL_DataOutStage
                0x00000000080100cc       0x7c ../../libDaisy/build/libdaisy.a(usbd_core.o)
                0x00000000080100cc                USBD_LL_DataOutStage
 .text.USBD_LL_DataInStage
                0x0000000008010148       0xcc ../../libDaisy/build/libdaisy.a(usbd_core.o)
                0x0000000008010148                USBD_LL_DataInStage
 .text.USBD_LL_Reset
                0x0000000008010214       0x50 ../../libDaisy/build/libdaisy.a(usbd_core.o)
                0x0000000008010214                USBD_LL_Reset
 .text.USBD_LL_SetSpeed
                0x0000000008010264        0x8 ../../libDaisy/build/libdaisy.a(usbd_core.o)
                0x0000000008010264                USBD_LL_SetSpeed
 .text.USBD_LL_Suspend
                0x000000000801026c       0x14 ../../libDaisy/build/libdaisy.a(usbd_core.o)
                0x000000000801026c                USBD_LL_Suspend
 .text.USBD_LL_Resume
                0x0000000008010280       0x10 ../../libDaisy/build/libdaisy.a(usbd_core.o)
                0x0000000008010280                USBD_LL_Resume
 .text.USBD_LL_SOF
                0x0000000008010290       0x1c ../../libDaisy/build/libdaisy.a(usbd_core.o)
                0x0000000008010290                USBD_LL_SOF
 .text.USBD_LL_IsoINIncomplete
                0x00000000080102ac        0x4 ../../libDaisy/build/libdaisy.a(usbd_core.o)
                0x00000000080102ac                USBD_LL_IsoINIncomplete
 .text.USBD_LL_IsoOUTIncomplete
                0x00000000080102b0        0x4 ../../libDaisy/build/libdaisy.a(usbd_core.o)
                0x00000000080102b0                USBD_LL_IsoOUTIncomplete
 .text.USBD_LL_DevConnected
                0x00000000080102b4        0x4 ../../libDaisy/build/libdaisy.a(usbd_core.o)
                0x00000000080102b4                USBD_LL_DevConnected
 .text.USBD_LL_DevDisconnected
                0x00000000080102b8       0x18 ../../libDaisy/build/libdaisy.a(usbd_core.o)
                0x00000000080102b8                USBD_LL_DevDisconnected
 .text.USBD_StdDevReq
                0x00000000080102d0      0x304 ../../libDaisy/build/libdaisy.a(usbd_ctlreq.o)
                0x00000000080102d0                USBD_StdDevReq
 .text.USBD_StdItfReq
                0x00000000080105d4       0x68 ../../libDaisy/build/libdaisy.a(usbd_ctlreq.o)
                0x00000000080105d4                USBD_StdItfReq
 .text.USBD_StdEPReq
                0x000000000801063c      0x13c ../../libDaisy/build/libdaisy.a(usbd_ctlreq.o)
                0x000000000801063c                USBD_StdEPReq
 .text.USBD_ParseSetupRequest
                0x0000000008010778       0x28 ../../libDaisy/build/libdaisy.a(usbd_ctlreq.o)
                0x0000000008010778                USBD_ParseSetupRequest
 .text.USBD_CtlError
                0x00000000080107a0       0x18 ../../libDaisy/build/libdaisy.a(usbd_ctlreq.o)
                0x00000000080107a0                USBD_CtlError
 .text.USBD_GetString
                0x00000000080107b8       0x54 ../../libDaisy/build/libdaisy.a(usbd_ctlreq.o)
                0x00000000080107b8                USBD_GetString
 .text.USBD_CtlSendData
                0x000000000801080c       0x1c ../../libDaisy/build/libdaisy.a(usbd_ioreq.o)
                0x000000000801080c                USBD_CtlSendData
 .text.USBD_CtlContinueSendData
                0x0000000008010828       0x14 ../../libDaisy/build/libdaisy.a(usbd_ioreq.o)
                0x0000000008010828                USBD_CtlContinueSendData
 .text.USBD_CtlPrepareRx
                0x000000000801083c       0x1c ../../libDaisy/build/libdaisy.a(usbd_ioreq.o)
                0x000000000801083c                USBD_CtlPrepareRx
 .text.USBD_CtlContinueRx
                0x0000000008010858       0x14 ../../libDaisy/build/libdaisy.a(usbd_ioreq.o)
                0x0000000008010858                USBD_CtlContinueRx
 .text.USBD_CtlSendStatus
                0x000000000801086c       0x18 ../../libDaisy/build/libdaisy.a(usbd_ioreq.o)
                0x000000000801086c                USBD_CtlSendStatus
 .text.USBD_CtlReceiveStatus
                0x0000000008010884       0x18 ../../libDaisy/build/libdaisy.a(usbd_ioreq.o)
                0x0000000008010884                USBD_CtlReceiveStatus
 .text.USBH_LL_IncTimer
                0x000000000801089c       0x20 ../../libDaisy/build/libdaisy.a(usbh_core.o)
                0x000000000801089c                USBH_LL_IncTimer
 .text.USBH_LL_PortEnabled
                0x00000000080108bc        0x8 ../../libDaisy/build/libdaisy.a(usbh_core.o)
                0x00000000080108bc                USBH_LL_PortEnabled
 .text.USBH_LL_PortDisabled
                0x00000000080108c4        0x8 ../../libDaisy/build/libdaisy.a(usbh_core.o)
                0x00000000080108c4                USBH_LL_PortDisabled
 .text.USBH_LL_Connect
                0x00000000080108cc       0x18 ../../libDaisy/build/libdaisy.a(usbh_core.o)
                0x00000000080108cc                USBH_LL_Connect
 .text.USBH_LL_Disconnect
                0x00000000080108e4       0x2c ../../libDaisy/build/libdaisy.a(usbh_core.o)
                0x00000000080108e4                USBH_LL_Disconnect
 .text.USBH_FreePipe
                0x0000000008010910       0x18 ../../libDaisy/build/libdaisy.a(usbh_pipes.o)
                0x0000000008010910                USBH_FreePipe
 .text._ZN5daisy3Led4InitE12dsy_gpio_pinbf
                0x0000000008010928       0x48 ../../libDaisy/build/libdaisy.a(led.o)
                0x0000000008010928                daisy::Led::Init(dsy_gpio_pin, bool, float)
 .text._ZN5daisy3Led3SetEf
                0x0000000008010970       0x24 ../../libDaisy/build/libdaisy.a(led.o)
                0x0000000008010970                daisy::Led::Set(float)
 .text._ZN5daisy3Led6UpdateEv
                0x0000000008010994       0x48 ../../libDaisy/build/libdaisy.a(led.o)
                0x0000000008010994                daisy::Led::Update()
 .text.DummyRxCallback
                0x00000000080109dc        0x4 ../../libDaisy/build/libdaisy.a(usb.o)
                0x00000000080109dc                DummyRxCallback
 .text._ZN5daisy9UsbHandle4InitENS0_9UsbPeriphE
                0x00000000080109e0      0x10c ../../libDaisy/build/libdaisy.a(usb.o)
                0x00000000080109e0                daisy::UsbHandle::Init(daisy::UsbHandle::UsbPeriph)
 .text._ZN5daisy9UsbHandle18SetReceiveCallbackEPFvPhPmENS0_9UsbPeriphE
                0x0000000008010aec       0x38 ../../libDaisy/build/libdaisy.a(usb.o)
                0x0000000008010aec                daisy::UsbHandle::SetReceiveCallback(void (*)(unsigned char*, unsigned long*), daisy::UsbHandle::UsbPeriph)
 .text.OTG_FS_EP1_OUT_IRQHandler
                0x0000000008010b24        0xc ../../libDaisy/build/libdaisy.a(usb.o)
                0x0000000008010b24                OTG_FS_EP1_OUT_IRQHandler
 .text.OTG_FS_EP1_IN_IRQHandler
                0x0000000008010b30        0xc ../../libDaisy/build/libdaisy.a(usb.o)
                0x0000000008010b30                OTG_FS_EP1_IN_IRQHandler
 .text.OTG_FS_IRQHandler
                0x0000000008010b3c        0xc ../../libDaisy/build/libdaisy.a(usb.o)
                0x0000000008010b3c                OTG_FS_IRQHandler
 .text._ZN5daisy6Random4InitEv
                0x0000000008010b48       0x3c ../../libDaisy/build/libdaisy.a(rng.o)
                0x0000000008010b48                daisy::Random::Init()
 .text._ZN5daisy9SpiHandle4Impl7InitDmaEv
                0x0000000008010b84       0xec ../../libDaisy/build/libdaisy.a(spi.o)
                0x0000000008010b84                daisy::SpiHandle::Impl::InitDma()
 .text._ZN5daisy9SpiHandle4Impl10StartDmaTxEPhjPFvPvEPFvS3_NS0_6ResultEES3_
                0x0000000008010c70       0xc8 ../../libDaisy/build/libdaisy.a(spi.o)